2025-05-19 19:27:52.999 [info] [main] Log level: Info
2025-05-19 19:27:53.000 [info] [main] Validating found git in: "git"
2025-05-19 19:27:53.000 [info] [main] Using git "2.25.1" from "git"
2025-05-19 19:27:53.000 [info] [Model][doInitialScan] Initial repository scan started
2025-05-19 19:27:53.000 [info] > git rev-parse --show-toplevel [2313ms]
2025-05-19 19:27:53.000 [info] fatal: not a git repository (or any of the parent directories): .git
2025-05-19 19:27:53.000 [info] > git rev-parse --show-toplevel [886ms]
2025-05-19 19:27:53.000 [info] fatal: not a git repository (or any of the parent directories): .git
2025-05-19 19:27:53.000 [info] [Model][doInitialScan] Initial repository scan completed - repositories (0), closed repositories (0), parent repositories (0), unsafe repositories (0)
2025-05-19 19:30:23.618 [info] > git rev-parse --show-toplevel [30ms]
2025-05-19 19:30:23.618 [info] fatal: not a git repository (or any of the parent directories): .git
2025-05-19 19:30:45.320 [info] > git rev-parse --show-toplevel [31ms]
2025-05-19 19:30:45.320 [info] fatal: not a git repository (or any of the parent directories): .git
2025-05-19 19:30:54.955 [info] > git rev-parse --show-toplevel [20ms]
2025-05-19 19:30:54.955 [info] fatal: not a git repository (or any of the parent directories): .git
2025-05-19 19:31:26.752 [info] > git rev-parse --show-toplevel [21ms]
2025-05-19 19:31:26.752 [info] fatal: not a git repository (or any of the parent directories): .git
2025-05-19 19:31:41.448 [info] > git rev-parse --show-toplevel [13ms]
2025-05-19 19:31:41.448 [info] fatal: not a git repository (or any of the parent directories): .git
2025-05-19 19:31:42.744 [info] > git rev-parse --show-toplevel [14ms]
2025-05-19 19:31:42.744 [info] fatal: not a git repository (or any of the parent directories): .git
2025-05-19 19:32:41.335 [info] > git rev-parse --show-toplevel [17ms]
2025-05-19 19:32:41.335 [info] fatal: not a git repository (or any of the parent directories): .git
2025-05-19 19:32:57.464 [info] > git rev-parse --show-toplevel [20ms]
2025-05-19 19:32:57.464 [info] fatal: not a git repository (or any of the parent directories): .git
2025-05-19 19:33:01.566 [info] > git rev-parse --show-toplevel [30ms]
2025-05-19 19:33:01.566 [info] fatal: not a git repository (or any of the parent directories): .git
2025-05-19 19:33:40.905 [info] > git rev-parse --show-toplevel [16ms]
2025-05-19 19:33:40.906 [info] fatal: not a git repository (or any of the parent directories): .git
2025-05-19 19:33:57.172 [info] > git rev-parse --show-toplevel [20ms]
2025-05-19 19:33:57.172 [info] fatal: not a git repository (or any of the parent directories): .git
2025-05-19 19:34:01.686 [info] > git rev-parse --show-toplevel [17ms]
2025-05-19 19:34:01.687 [info] fatal: not a git repository (or any of the parent directories): .git
2025-05-19 19:34:56.233 [info] > git rev-parse --show-toplevel [21ms]
2025-05-19 19:34:56.234 [info] fatal: not a git repository (or any of the parent directories): .git
2025-05-19 19:34:59.282 [info] > git rev-parse --show-toplevel [18ms]
2025-05-19 19:34:59.282 [info] fatal: not a git repository (or any of the parent directories): .git
2025-05-19 19:35:38.198 [info] > git rev-parse --show-toplevel [12ms]
2025-05-19 19:35:38.198 [info] fatal: not a git repository (or any of the parent directories): .git
2025-05-19 19:39:51.618 [info] > git rev-parse --show-toplevel [20ms]
2025-05-19 19:39:51.618 [info] fatal: not a git repository (or any of the parent directories): .git
2025-05-19 19:42:28.184 [info] > git rev-parse --show-toplevel [17ms]
2025-05-19 19:42:28.184 [info] fatal: not a git repository (or any of the parent directories): .git
2025-05-19 19:42:29.043 [info] > git rev-parse --show-toplevel [14ms]
2025-05-19 19:42:29.043 [info] fatal: not a git repository (or any of the parent directories): .git
2025-05-19 20:04:51.964 [info] > git rev-parse --show-toplevel [23ms]
2025-05-19 20:04:51.964 [info] fatal: not a git repository (or any of the parent directories): .git
2025-05-19 20:06:25.564 [info] > git rev-parse --show-toplevel [15ms]
2025-05-19 20:06:25.564 [info] fatal: not a git repository (or any of the parent directories): .git
2025-05-19 20:06:53.400 [info] > git rev-parse --show-toplevel [31ms]
2025-05-19 20:06:53.400 [info] fatal: not a git repository (or any of the parent directories): .git
2025-05-19 20:06:58.182 [info] > git rev-parse --show-toplevel [18ms]
2025-05-19 20:06:58.182 [info] fatal: not a git repository (or any of the parent directories): .git
2025-05-19 20:06:59.890 [info] > git rev-parse --show-toplevel [21ms]
2025-05-19 20:06:59.890 [info] fatal: not a git repository (or any of the parent directories): .git
2025-05-19 20:09:44.591 [info] > git rev-parse --show-toplevel [24ms]
2025-05-19 20:09:44.591 [info] fatal: not a git repository (or any of the parent directories): .git
2025-05-19 20:10:09.731 [info] > git rev-parse --show-toplevel [26ms]
2025-05-19 20:10:09.731 [info] fatal: not a git repository (or any of the parent directories): .git
2025-05-19 20:12:02.880 [info] > git rev-parse --show-toplevel [17ms]
2025-05-19 20:12:02.881 [info] fatal: not a git repository (or any of the parent directories): .git
2025-05-19 20:12:13.408 [info] > git rev-parse --show-toplevel [21ms]
2025-05-19 20:12:13.408 [info] fatal: not a git repository (or any of the parent directories): .git
2025-05-19 20:12:15.009 [info] > git rev-parse --show-toplevel [21ms]
2025-05-19 20:12:15.009 [info] fatal: not a git repository (or any of the parent directories): .git
2025-05-19 20:14:49.381 [info] > git rev-parse --show-toplevel [16ms]
2025-05-19 20:14:49.382 [info] fatal: not a git repository (or any of the parent directories): .git
2025-05-19 20:14:52.446 [info] > git rev-parse --show-toplevel [23ms]
2025-05-19 20:14:52.446 [info] fatal: not a git repository (or any of the parent directories): .git
2025-05-19 20:14:56.103 [info] > git rev-parse --show-toplevel [15ms]
2025-05-19 20:14:56.103 [info] fatal: not a git repository (or any of the parent directories): .git
2025-05-19 20:15:06.019 [info] > git rev-parse --show-toplevel [12ms]
2025-05-19 20:15:06.019 [info] fatal: not a git repository (or any of the parent directories): .git
2025-05-19 20:15:13.980 [info] > git rev-parse --show-toplevel [14ms]
2025-05-19 20:15:13.981 [info] fatal: not a git repository (or any of the parent directories): .git
2025-05-19 20:15:28.372 [info] > git rev-parse --show-toplevel [14ms]
2025-05-19 20:15:28.372 [info] fatal: not a git repository (or any of the parent directories): .git
2025-05-19 20:16:40.651 [info] > git rev-parse --show-toplevel [17ms]
2025-05-19 20:16:40.651 [info] fatal: not a git repository (or any of the parent directories): .git
2025-05-19 20:16:41.456 [info] > git rev-parse --show-toplevel [15ms]
2025-05-19 20:16:41.456 [info] fatal: not a git repository (or any of the parent directories): .git
2025-05-19 20:18:17.867 [info] > git rev-parse --show-toplevel [15ms]
2025-05-19 20:18:17.867 [info] fatal: not a git repository (or any of the parent directories): .git
2025-05-19 20:27:26.335 [info] > git rev-parse --show-toplevel [16ms]
2025-05-19 20:27:26.336 [info] fatal: not a git repository (or any of the parent directories): .git
2025-05-19 20:27:29.299 [info] > git rev-parse --show-toplevel [14ms]
2025-05-19 20:27:29.300 [info] fatal: not a git repository (or any of the parent directories): .git
2025-05-19 20:29:02.922 [info] > git rev-parse --show-toplevel [65ms]
2025-05-19 20:29:02.922 [info] fatal: not a git repository (or any of the parent directories): .git
2025-05-19 20:29:21.939 [info] > git rev-parse --show-toplevel [31ms]
2025-05-19 20:29:21.939 [info] fatal: not a git repository (or any of the parent directories): .git
2025-05-19 20:48:22.612 [info] > git rev-parse --show-toplevel [19ms]
2025-05-19 20:48:22.613 [info] fatal: not a git repository (or any of the parent directories): .git
2025-05-19 20:49:12.615 [info] > git rev-parse --show-toplevel [41ms]
2025-05-19 20:49:12.615 [info] fatal: not a git repository (or any of the parent directories): .git
2025-05-19 20:52:03.109 [info] > git rev-parse --show-toplevel [27ms]
2025-05-19 20:52:03.109 [info] fatal: not a git repository (or any of the parent directories): .git
2025-05-19 21:18:58.536 [info] > git rev-parse --show-toplevel [23ms]
2025-05-19 21:18:58.536 [info] fatal: not a git repository (or any of the parent directories): .git
2025-05-19 21:19:09.928 [info] > git rev-parse --show-toplevel [19ms]
2025-05-19 21:19:09.928 [info] fatal: not a git repository (or any of the parent directories): .git
2025-05-19 21:28:19.986 [info] > git rev-parse --show-toplevel [16ms]
2025-05-19 21:28:19.986 [info] fatal: not a git repository (or any of the parent directories): .git
2025-05-19 22:15:33.348 [info] > git rev-parse --show-toplevel [5ms]
