2025-05-15 21:34:19.282 [info] Experiment 'pythonRecommendTensorboardExt' is active
2025-05-15 21:34:19.283 [info] Experiment 'pythonTerminalEnvVarActivation' is active
2025-05-15 21:34:19.283 [warning] Dir "/home/eduardo/escoladanuvem/.pixi/envs" is not watchable (directory does not exist)
2025-05-15 21:34:19.283 [info] Starting Environment refresh
2025-05-15 21:34:19.283 [info] Starting Environment refresh
2025-05-15 21:34:19.283 [info] > hatch env show --json
2025-05-15 21:34:19.283 [info] cwd: .
2025-05-15 21:34:19.616 [info] > C:\Users\eduar\AppData\Local\Programs\Python\Python313\python.exe -I ~/.vscode-server/extensions/ms-python.python-2025.6.1-linux-x64/python_files/get_output_via_markers.py ~/.vscode-server/extensions/ms-python.python-2025.6.1-linux-x64/python_files/interpreterInfo.py
2025-05-15 21:34:20.024 [error] [Error: Command failed: C:\Users\eduar\AppData\Local\Programs\Python\Python313\python.exe -I /home/eduardo/.vscode-server/extensions/ms-python.python-2025.6.1-linux-x64/python_files/get_output_via_markers.py /home/eduardo/.vscode-server/extensions/ms-python.python-2025.6.1-linux-x64/python_files/interpreterInfo.py
/bin/sh: 1: C:UserseduarAppDataLocalProgramsPythonPython313python.exe: not found

	at genericNodeError (node:internal/errors:984:15)
	at wrappedFn (node:internal/errors:538:14)
	at ChildProcess.exithandler (node:child_process:422:12)
	at ChildProcess.emit (node:events:536:35)
	at maybeClose (node:internal/child_process:1104:16)
	at Socket.<anonymous> (node:internal/child_process:456:11)
	at Socket.emit (node:events:524:28)
	at Pipe.<anonymous> (node:net:343:12)] {
  code: 127,
  killed: false,
  signal: null,
  cmd: 'C:\\Users\\eduar\\AppData\\Local\\Programs\\Python\\Python313\\python.exe -I /home/eduardo/.vscode-server/extensions/ms-python.python-2025.6.1-linux-x64/python_files/get_output_via_markers.py /home/eduardo/.vscode-server/extensions/ms-python.python-2025.6.1-linux-x64/python_files/interpreterInfo.py'
}
2025-05-15 21:34:20.026 [info] Environments refresh paths discovered: 1737 milliseconds
2025-05-15 21:34:20.026 [info] Environments refresh paths discovered: 1735 milliseconds
2025-05-15 21:34:20.088 [info] > C:\Users\eduar\AppData\Local\Programs\Python\Python313\python.exe -c "import sys;print(sys.executable)"
2025-05-15 21:34:20.096 [error] [Error: Command failed: C:\Users\eduar\AppData\Local\Programs\Python\Python313\python.exe -c "import sys;print(sys.executable)"
/bin/sh: 1: C:UserseduarAppDataLocalProgramsPythonPython313python.exe: not found

	at genericNodeError (node:internal/errors:984:15)
	at wrappedFn (node:internal/errors:538:14)
	at ChildProcess.exithandler (node:child_process:422:12)
	at ChildProcess.emit (node:events:536:35)
	at maybeClose (node:internal/child_process:1104:16)
	at Socket.<anonymous> (node:internal/child_process:456:11)
	at Socket.emit (node:events:524:28)
	at Pipe.<anonymous> (node:net:343:12)] {
  code: 127,
  killed: false,
  signal: null,
  cmd: 'C:\\Users\\eduar\\AppData\\Local\\Programs\\Python\\Python313\\python.exe -c "import sys;print(sys.executable)"'
}
2025-05-15 21:34:22.069 [info] > C:\Users\eduar\AppData\Local\Programs\Python\Python313\python.exe -I ~/.vscode-server/extensions/ms-python.python-2025.6.1-linux-x64/python_files/get_output_via_markers.py ~/.vscode-server/extensions/ms-python.python-2025.6.1-linux-x64/python_files/interpreterInfo.py
2025-05-15 21:34:22.079 [error] [Error: Command failed: C:\Users\eduar\AppData\Local\Programs\Python\Python313\python.exe -I /home/eduardo/.vscode-server/extensions/ms-python.python-2025.6.1-linux-x64/python_files/get_output_via_markers.py /home/eduardo/.vscode-server/extensions/ms-python.python-2025.6.1-linux-x64/python_files/interpreterInfo.py
/bin/sh: 1: C:UserseduarAppDataLocalProgramsPythonPython313python.exe: not found

	at genericNodeError (node:internal/errors:984:15)
	at wrappedFn (node:internal/errors:538:14)
	at ChildProcess.exithandler (node:child_process:422:12)
	at ChildProcess.emit (node:events:536:35)
	at maybeClose (node:internal/child_process:1104:16)
	at Socket.<anonymous> (node:internal/child_process:456:11)
	at Socket.emit (node:events:524:28)
	at Pipe.<anonymous> (node:net:343:12)] {
  code: 127,
  killed: false,
  signal: null,
  cmd: 'C:\\Users\\eduar\\AppData\\Local\\Programs\\Python\\Python313\\python.exe -I /home/eduardo/.vscode-server/extensions/ms-python.python-2025.6.1-linux-x64/python_files/get_output_via_markers.py /home/eduardo/.vscode-server/extensions/ms-python.python-2025.6.1-linux-x64/python_files/interpreterInfo.py'
}
2025-05-15 21:34:22.081 [info] Active interpreter [/home/eduardo/escoladanuvem]:  C:\Users\eduar\AppData\Local\Programs\Python\Python313\python.exe
2025-05-15 21:34:22.081 [info] Environments refresh finished (event): 3792 milliseconds
2025-05-15 21:34:22.082 [info] Environments refresh finished (event): 3790 milliseconds
2025-05-15 21:34:22.083 [info] Environment refresh took 3795 milliseconds
2025-05-15 21:34:22.083 [info] Environment refresh took 3792 milliseconds
2025-05-15 21:34:22.128 [info] > pyenv which python
2025-05-15 21:34:22.128 [info] cwd: .
2025-05-15 21:34:24.610 [info] Starting Pylance language server.
2025-05-15 21:34:29.983 [error] Cannot trigger test discovery as a valid interpreter is not selected
2025-05-15 21:34:33.824 [info] Starting Environment refresh
2025-05-15 21:34:33.824 [info] Searching for interpreters in posix paths locator
2025-05-15 21:34:33.826 [info] Searching for pyenv environments
2025-05-15 21:34:33.826 [info] Searching for conda environments
2025-05-15 21:34:33.827 [info] Searching for global virtual environments
2025-05-15 21:34:33.827 [info] Searching for custom virtual environments
2025-05-15 21:34:34.021 [info] > conda info --json
2025-05-15 21:34:34.028 [info] pyenv is not installed
2025-05-15 21:34:34.028 [info] Finished searching for pyenv environments: 204 milliseconds
2025-05-15 21:34:34.029 [info] Finished searching for custom virtual envs: 203 milliseconds
2025-05-15 21:34:34.066 [info] Finished searching for global virtual envs: 240 milliseconds
2025-05-15 21:34:34.320 [info] Found: /bin/python2 --> /bin/python2.7
2025-05-15 21:34:34.388 [info] Found: /bin/python2.7 --> /bin/python2.7
2025-05-15 21:34:34.542 [info] Found: /bin/python3 --> /bin/python3.8
2025-05-15 21:34:34.562 [info] Found: /bin/python3.8 --> /bin/python3.8
2025-05-15 21:34:34.735 [info] Found: /usr/bin/python2 --> /usr/bin/python2.7
2025-05-15 21:34:34.736 [info] Found: /usr/bin/python2.7 --> /usr/bin/python2.7
2025-05-15 21:34:34.745 [info] Found: /usr/bin/python3 --> /usr/bin/python3.8
2025-05-15 21:34:34.751 [info] Found: /usr/bin/python3.8 --> /usr/bin/python3.8
2025-05-15 21:34:34.950 [info] > /bin/python2 -I ~/.vscode-server/extensions/ms-python.python-2025.6.1-linux-x64/python_files/get_output_via_markers.py ~/.vscode-server/extensions/ms-python.python-2025.6.1-linux-x64/python_files/interpreterInfo.py
2025-05-15 21:34:35.040 [warning] [Error: Command failed: /bin/python2 -I /home/eduardo/.vscode-server/extensions/ms-python.python-2025.6.1-linux-x64/python_files/get_output_via_markers.py /home/eduardo/.vscode-server/extensions/ms-python.python-2025.6.1-linux-x64/python_files/interpreterInfo.py
Unknown option: -I
usage: /bin/python2 [option] ... [-c cmd | -m mod | file | -] [arg] ...
Try `python -h' for more information.

	at genericNodeError (node:internal/errors:984:15)
	at wrappedFn (node:internal/errors:538:14)
	at ChildProcess.exithandler (node:child_process:422:12)
	at ChildProcess.emit (node:events:536:35)
	at maybeClose (node:internal/child_process:1104:16)
	at ChildProcess._handle.onexit (node:internal/child_process:304:5)] {
  code: 2,
  killed: false,
  signal: null,
  cmd: '/bin/python2 -I /home/eduardo/.vscode-server/extensions/ms-python.python-2025.6.1-linux-x64/python_files/get_output_via_markers.py /home/eduardo/.vscode-server/extensions/ms-python.python-2025.6.1-linux-x64/python_files/interpreterInfo.py'
}
2025-05-15 21:34:35.040 [error] Support for Python 2.7 has been dropped by the Python extension so certain features may not work, upgrade to using Python 3.
2025-05-15 21:34:35.111 [info] > /bin/python2 ~/.vscode-server/extensions/ms-python.python-2025.6.1-linux-x64/python_files/get_output_via_markers.py ~/.vscode-server/extensions/ms-python.python-2025.6.1-linux-x64/python_files/interpreterInfo.py
2025-05-15 21:34:35.218 [info] > /bin/python3 -I ~/.vscode-server/extensions/ms-python.python-2025.6.1-linux-x64/python_files/get_output_via_markers.py ~/.vscode-server/extensions/ms-python.python-2025.6.1-linux-x64/python_files/interpreterInfo.py
2025-05-15 21:34:35.528 [info] Finished searching for interpreters in posix paths locator: 1662 milliseconds
2025-05-15 21:34:35.529 [info] > /usr/bin/python2 -I ~/.vscode-server/extensions/ms-python.python-2025.6.1-linux-x64/python_files/get_output_via_markers.py ~/.vscode-server/extensions/ms-python.python-2025.6.1-linux-x64/python_files/interpreterInfo.py
2025-05-15 21:34:35.579 [warning] [Error: Command failed: /usr/bin/python2 -I /home/eduardo/.vscode-server/extensions/ms-python.python-2025.6.1-linux-x64/python_files/get_output_via_markers.py /home/eduardo/.vscode-server/extensions/ms-python.python-2025.6.1-linux-x64/python_files/interpreterInfo.py
Unknown option: -I
usage: /usr/bin/python2 [option] ... [-c cmd | -m mod | file | -] [arg] ...
Try `python -h' for more information.

	at genericNodeError (node:internal/errors:984:15)
	at wrappedFn (node:internal/errors:538:14)
	at ChildProcess.exithandler (node:child_process:422:12)
	at ChildProcess.emit (node:events:536:35)
	at maybeClose (node:internal/child_process:1104:16)
	at ChildProcess._handle.onexit (node:internal/child_process:304:5)] {
  code: 2,
  killed: false,
  signal: null,
  cmd: '/usr/bin/python2 -I /home/eduardo/.vscode-server/extensions/ms-python.python-2025.6.1-linux-x64/python_files/get_output_via_markers.py /home/eduardo/.vscode-server/extensions/ms-python.python-2025.6.1-linux-x64/python_files/interpreterInfo.py'
}
2025-05-15 21:34:35.579 [error] Support for Python 2.7 has been dropped by the Python extension so certain features may not work, upgrade to using Python 3.
2025-05-15 21:34:35.657 [info] > /usr/bin/python2 ~/.vscode-server/extensions/ms-python.python-2025.6.1-linux-x64/python_files/get_output_via_markers.py ~/.vscode-server/extensions/ms-python.python-2025.6.1-linux-x64/python_files/interpreterInfo.py
2025-05-15 21:34:35.827 [info] > /usr/bin/python3 -I ~/.vscode-server/extensions/ms-python.python-2025.6.1-linux-x64/python_files/get_output_via_markers.py ~/.vscode-server/extensions/ms-python.python-2025.6.1-linux-x64/python_files/interpreterInfo.py
2025-05-15 21:34:35.827 [info] Environments refresh paths discovered (event): 2032 milliseconds
2025-05-15 21:34:35.828 [info] Environments refresh paths discovered: 2033 milliseconds
2025-05-15 21:34:36.036 [info] Environments refresh finished (event): 2242 milliseconds
2025-05-15 21:34:36.068 [info] Environment refresh took 2275 milliseconds
2025-05-15 21:34:41.238 [info] Active interpreter [/home/eduardo/escoladanuvem]:  /bin/python3
2025-05-15 21:34:41.240 [info] Discover tests for workspace name: escoladanuvem - uri: /home/eduardo/escoladanuvem
2025-05-15 21:34:41.242 [info] Python interpreter path: /bin/python3
2025-05-15 22:14:04.475 [info] CreateEnv Trigger - Skipping for /home/eduardo/escoladanuvem/calculadora.py
2025-05-15 22:14:04.679 [info] Discover tests for workspace name: escoladanuvem - uri: /home/eduardo/escoladanuvem/calculadora.py
2025-05-15 22:14:41.838 [info] Discover tests for workspace name: escoladanuvem - uri: /home/eduardo/escoladanuvem/calculadora.py
2025-05-15 22:16:43.122 [info] Discover tests for workspace name: escoladanuvem - uri: /home/eduardo/escoladanuvem/calculadora.py
2025-05-15 22:17:26.137 [info] Discover tests for workspace name: escoladanuvem - uri: /home/eduardo/escoladanuvem/calculadora.py
2025-05-15 22:48:42.218 [info] Discover tests for workspace name: escoladanuvem - uri: /home/eduardo/escoladanuvem/hello-world.py
2025-05-15 23:05:43.550 [info] Discover tests for workspace name: escoladanuvem - uri: /home/eduardo/escoladanuvem/calculadora.py
