2025-05-15 21:34:22.936 [info] (Client) Pylance async client (2025.5.1) started with python extension (2025.6.1)
2025-05-15 21:34:24.483 [info] [Info  - 9:34:24 PM] (1948) Server root directory: file:///home/eduardo/.vscode-server/extensions/ms-python.vscode-pylance-2025.5.1/dist
2025-05-15 21:34:24.484 [info] [Info  - 9:34:24 PM] (1948) Pylance language server 2025.5.1 (pyright version 1.1.400, commit b962ffc2) starting
2025-05-15 21:34:24.484 [info] [Info  - 9:34:24 PM] (1948) Starting service instance "escoladanuvem" for workspace "/home/eduardo/escoladanuvem"
2025-05-15 21:34:24.747 [info] [Info  - 9:34:24 PM] (1948) Setting environmentName for service "escoladanuvem": "C:\Users\eduar\AppData\Local\Programs\Python\Python313\python.exe"
2025-05-15 21:34:24.749 [info] [Info  - 9:34:24 PM] (1948) No include entries specified; assuming /home/eduardo/escoladanuvem
2025-05-15 21:34:24.752 [info] [Info  - 9:34:24 PM] (1948) Auto-excluding **/node_modules
2025-05-15 21:34:24.752 [info] [Info  - 9:34:24 PM] (1948) Auto-excluding **/__pycache__
2025-05-15 21:34:24.752 [info] [Info  - 9:34:24 PM] (1948) Auto-excluding **/.*
2025-05-15 21:34:24.905 [info] [Info  - 9:34:24 PM] (1948) Assuming Python version 3.8.10.final.0
2025-05-15 21:34:25.704 [info] [Info  - 9:34:25 PM] (1948) Found 1 source file
2025-05-15 21:34:25.959 [info] [Info  - 9:34:25 PM] (1948) Setting environmentName for service "escoladanuvem": "C:\Users\eduar\AppData\Local\Programs\Python\Python313\python.exe"
2025-05-15 21:34:25.959 [info] [Info  - 9:34:25 PM] (1948) No include entries specified; assuming /home/eduardo/escoladanuvem
2025-05-15 21:34:25.959 [info] [Info  - 9:34:25 PM] (1948) Auto-excluding **/node_modules
2025-05-15 21:34:25.959 [info] [Info  - 9:34:25 PM] (1948) Auto-excluding **/__pycache__
2025-05-15 21:34:25.959 [info] [Info  - 9:34:25 PM] (1948) Auto-excluding **/.*
2025-05-15 21:34:26.262 [info] [Info  - 9:34:26 PM] (1948) Assuming Python version 3.8.10.final.0
2025-05-15 21:34:26.970 [info] [Info  - 9:34:26 PM] (1948) Found 1 source file
2025-05-15 21:34:30.458 [info] [Info  - 9:34:30 PM] (1948) BG: Priority queue background worker(2) root directory: file:///home/eduardo/.vscode-server/extensions/ms-python.vscode-pylance-2025.5.1/dist
2025-05-15 21:34:30.458 [info] [Info  - 9:34:30 PM] (1948) BG: Priority queue background worker(2) started
2025-05-15 21:34:31.494 [info] [Info  - 9:34:31 PM] (1948) BG: Indexer background runner(3) root directory: file:///home/eduardo/.vscode-server/extensions/ms-python.vscode-pylance-2025.5.1/dist (index)
2025-05-15 21:34:31.495 [info] [Info  - 9:34:31 PM] (1948) BG: Indexing(3) started
2025-05-15 21:34:37.244 [info] [Info  - 9:34:37 PM] (1948) BG: [IDX(3)] Long operation: scan packages file:///home/eduardo/escoladanuvem (4639ms)
2025-05-15 21:34:37.245 [info] [Info  - 9:34:37 PM] (1948) BG: scanned(3) 75 files over 1 exec env
2025-05-15 21:34:39.773 [info] [Info  - 9:34:39 PM] (1948) BG: [IDX(3)] Long operation: index packages file:///home/eduardo/escoladanuvem (2166ms)
2025-05-15 21:34:39.774 [info] [Info  - 9:34:39 PM] (1948) BG: indexed(3) 75 files over 1 exec env
2025-05-15 21:34:39.851 [info] [Info  - 9:34:39 PM] (1948) BG: Indexing finished(3).
2025-05-15 21:34:41.328 [info] [Info  - 9:34:41 PM] (1948) Setting environmentName for service "escoladanuvem": "3.8.10 (global)"
2025-05-15 21:34:41.328 [info] [Info  - 9:34:41 PM] (1948) Setting pythonPath for service "escoladanuvem": "/bin/python3"
2025-05-15 21:34:41.328 [info] [Info  - 9:34:41 PM] (1948) No include entries specified; assuming /home/eduardo/escoladanuvem
2025-05-15 21:34:41.328 [info] [Info  - 9:34:41 PM] (1948) Auto-excluding **/node_modules
2025-05-15 21:34:41.328 [info] [Info  - 9:34:41 PM] (1948) Auto-excluding **/__pycache__
2025-05-15 21:34:41.328 [info] [Info  - 9:34:41 PM] (1948) Auto-excluding **/.*
2025-05-15 21:34:41.537 [info] [Info  - 9:34:41 PM] (1948) Assuming Python version 3.8.10.final.0
2025-05-15 21:34:42.176 [info] [Info  - 9:34:42 PM] (1948) Found 1 source file
2025-05-15 21:34:45.018 [info] [Info  - 9:34:45 PM] (1948) BG: Indexer background runner(4) root directory: file:///home/eduardo/.vscode-server/extensions/ms-python.vscode-pylance-2025.5.1/dist (index)
2025-05-15 21:34:45.019 [info] [Info  - 9:34:45 PM] (1948) BG: Indexing(4) started
2025-05-15 21:34:46.375 [info] [Info  - 9:34:46 PM] (1948) BG: scanned(4) 75 files over 1 exec env
2025-05-15 21:34:47.132 [info] [Info  - 9:34:47 PM] (1948) BG: indexed(4) 75 files over 1 exec env
2025-05-15 21:34:47.189 [info] [Info  - 9:34:47 PM] (1948) BG: Indexing finished(4).
2025-05-15 21:39:12.048 [info] [Info  - 9:39:12 PM] (1948) Setting environmentName for service "escoladanuvem": "3.8.10 (global)"
2025-05-15 21:39:12.070 [info] [Info  - 9:39:12 PM] (1948) Setting pythonPath for service "escoladanuvem": "/bin/python3"
2025-05-15 21:39:12.076 [info] [Info  - 9:39:12 PM] (1948) No include entries specified; assuming /home/eduardo/escoladanuvem
2025-05-15 21:39:12.076 [info] [Info  - 9:39:12 PM] (1948) Auto-excluding **/node_modules
2025-05-15 21:39:12.076 [info] [Info  - 9:39:12 PM] (1948) Auto-excluding **/__pycache__
2025-05-15 21:39:12.076 [info] [Info  - 9:39:12 PM] (1948) Auto-excluding **/.*
2025-05-15 21:39:12.144 [info] [Info  - 9:39:12 PM] (1948) Assuming Python version 3.8.10.final.0
2025-05-15 21:39:12.988 [info] [Info  - 9:39:12 PM] (1948) Found 1 source file
2025-05-15 21:39:16.143 [info] [Info  - 9:39:16 PM] (1948) BG: Indexer background runner(5) root directory: file:///home/eduardo/.vscode-server/extensions/ms-python.vscode-pylance-2025.5.1/dist (index)
2025-05-15 21:39:16.143 [info] [Info  - 9:39:16 PM] (1948) BG: Indexing(5) started
2025-05-15 21:39:17.310 [info] [Info  - 9:39:17 PM] (1948) BG: scanned(5) 75 files over 1 exec env
2025-05-15 21:39:18.024 [info] [Info  - 9:39:18 PM] (1948) BG: indexed(5) 75 files over 1 exec env
2025-05-15 21:39:18.096 [info] [Info  - 9:39:18 PM] (1948) BG: Indexing finished(5).
2025-05-15 21:43:06.389 [info] [Info  - 9:43:06 PM] (1948) No source files found.
2025-05-15 21:43:45.378 [info] [Info  - 9:43:45 PM] (1948) Found 1 source file
2025-05-15 21:44:06.325 [info] [Info  - 9:44:06 PM] (1948) Starting service instance "<default>" for workspace ""
2025-05-15 21:44:06.467 [info] [Info  - 9:44:06 PM] (1948) Setting environmentName for service "<default>": "3.8.10 (global)"
2025-05-15 21:44:06.467 [info] [Info  - 9:44:06 PM] (1948) Setting pythonPath for service "<default>": "/bin/python3"
2025-05-15 21:44:06.467 [info] [Info  - 9:44:06 PM] (1948) No include entries specified; assuming /<default workspace root>
2025-05-15 21:44:06.467 [info] [Info  - 9:44:06 PM] (1948) Auto-excluding **/node_modules
2025-05-15 21:44:06.467 [info] [Info  - 9:44:06 PM] (1948) Auto-excluding **/__pycache__
2025-05-15 21:44:06.467 [info] [Info  - 9:44:06 PM] (1948) Auto-excluding **/.*
2025-05-15 21:44:06.667 [info] [Info  - 9:44:06 PM] (1948) Assuming Python version 3.8.10.final.0
2025-05-15 21:44:07.184 [info] [Error - 9:44:07 PM] (1948) File or directory "/<default workspace root>" does not exist.
2025-05-15 21:44:07.186 [info] [Info  - 9:44:07 PM] (1948) No source files found.
2025-05-15 21:44:09.028 [info] [Info  - 9:44:09 PM] (1948) BG: Priority queue background worker(7) root directory: file:///home/eduardo/.vscode-server/extensions/ms-python.vscode-pylance-2025.5.1/dist
2025-05-15 21:44:09.046 [info] [Info  - 9:44:09 PM] (1948) BG: Priority queue background worker(7) started
2025-05-15 22:05:39.149 [info] [Info  - 10:05:39 PM] (1948) No source files found.
2025-05-15 22:06:00.964 [info] [Info  - 10:06:00 PM] (1948) Found 1 source file
2025-05-15 22:45:50.395 [info] [Info  - 10:45:50 PM] (1948) Found 2 source files
