2025-05-15 21:21:23.958 [info] [main] Log level: Info
2025-05-15 21:21:23.958 [info] [main] Validating found git in: "git"
2025-05-15 21:21:23.958 [info] [main] Using git "2.25.1" from "git"
2025-05-15 21:21:23.958 [info] [Model][doInitialScan] Initial repository scan started
2025-05-15 21:21:23.958 [info] > git rev-parse --show-toplevel [103ms]
2025-05-15 21:21:23.958 [info] fatal: not a git repository (or any of the parent directories): .git
2025-05-15 21:21:23.958 [info] [Model][doInitialScan] Initial repository scan completed - repositories (0), closed repositories (0), parent repositories (0), unsafe repositories (0)
2025-05-15 21:24:25.500 [info] > git rev-parse --show-toplevel [14ms]
2025-05-15 21:24:25.500 [info] fatal: not a git repository (or any of the parent directories): .git
2025-05-15 21:26:14.076 [info] > git rev-parse --show-toplevel [14ms]
2025-05-15 21:26:14.076 [info] fatal: not a git repository (or any of the parent directories): .git
2025-05-15 21:26:36.592 [info] > git rev-parse --show-toplevel [15ms]
2025-05-15 21:26:36.593 [info] fatal: not a git repository (or any of the parent directories): .git
2025-05-15 21:26:50.465 [info] > git rev-parse --show-toplevel [13ms]
2025-05-15 21:26:50.465 [info] fatal: not a git repository (or any of the parent directories): .git
2025-05-15 21:27:00.196 [info] > git rev-parse --show-toplevel [14ms]
2025-05-15 21:27:00.198 [info] fatal: not a git repository (or any of the parent directories): .git
2025-05-15 21:29:58.595 [info] > git rev-parse --show-toplevel [14ms]
2025-05-15 21:29:58.595 [info] fatal: not a git repository (or any of the parent directories): .git
2025-05-15 21:32:04.832 [info] > git rev-parse --show-toplevel [11ms]
2025-05-15 21:32:04.833 [info] fatal: not a git repository (or any of the parent directories): .git
2025-05-15 21:34:17.478 [info] > git rev-parse --show-toplevel [110ms]
2025-05-15 21:34:17.479 [info] fatal: not a git repository (or any of the parent directories): .git
2025-05-15 21:34:17.570 [info] > git rev-parse --show-toplevel [23ms]
2025-05-15 21:34:17.570 [info] fatal: not a git repository (or any of the parent directories): .git
2025-05-15 21:34:20.028 [info] > git rev-parse --show-toplevel [16ms]
2025-05-15 21:34:20.028 [info] fatal: not a git repository (or any of the parent directories): .git
2025-05-15 21:34:46.824 [info] > git rev-parse --show-toplevel [50ms]
2025-05-15 21:34:46.825 [info] fatal: not a git repository (or any of the parent directories): .git
2025-05-15 21:35:13.219 [info] > git rev-parse --show-toplevel [25ms]
2025-05-15 21:35:13.219 [info] fatal: not a git repository (or any of the parent directories): .git
2025-05-15 21:37:31.612 [info] > git rev-parse --show-toplevel [33ms]
2025-05-15 21:37:31.612 [info] fatal: not a git repository (or any of the parent directories): .git
2025-05-15 21:37:35.159 [info] > git rev-parse --show-toplevel [16ms]
2025-05-15 21:37:35.159 [info] fatal: not a git repository (or any of the parent directories): .git
2025-05-15 21:38:15.810 [info] > git rev-parse --show-toplevel [30ms]
2025-05-15 21:38:15.810 [info] fatal: not a git repository (or any of the parent directories): .git
2025-05-15 21:39:11.418 [info] > git rev-parse --show-toplevel [41ms]
2025-05-15 21:39:11.418 [info] fatal: not a git repository (or any of the parent directories): .git
2025-05-15 21:43:44.786 [info] > git rev-parse --show-toplevel [22ms]
2025-05-15 21:43:44.786 [info] fatal: not a git repository (or any of the parent directories): .git
2025-05-15 22:02:15.602 [info] > git rev-parse --show-toplevel [14ms]
2025-05-15 22:02:15.602 [info] fatal: not a git repository (or any of the parent directories): .git
2025-05-15 22:02:26.737 [info] > git rev-parse --show-toplevel [14ms]
2025-05-15 22:02:26.737 [info] fatal: not a git repository (or any of the parent directories): .git
2025-05-15 22:06:00.323 [info] > git rev-parse --show-toplevel [25ms]
2025-05-15 22:06:00.323 [info] fatal: not a git repository (or any of the parent directories): .git
2025-05-15 22:08:17.423 [info] > git rev-parse --show-toplevel [14ms]
2025-05-15 22:08:17.424 [info] fatal: not a git repository (or any of the parent directories): .git
2025-05-15 22:08:25.385 [info] > git rev-parse --show-toplevel [14ms]
2025-05-15 22:08:25.385 [info] fatal: not a git repository (or any of the parent directories): .git
2025-05-15 22:10:48.823 [info] > git rev-parse --show-toplevel [14ms]
2025-05-15 22:10:48.823 [info] fatal: not a git repository (or any of the parent directories): .git
2025-05-15 22:10:49.913 [info] > git rev-parse --show-toplevel [13ms]
2025-05-15 22:10:49.913 [info] fatal: not a git repository (or any of the parent directories): .git
2025-05-15 22:45:49.941 [info] > git rev-parse --show-toplevel [18ms]
2025-05-15 22:45:49.942 [info] fatal: not a git repository (or any of the parent directories): .git
2025-05-15 23:04:28.518 [info] > git rev-parse --show-toplevel [42ms]
2025-05-15 23:04:28.518 [info] fatal: not a git repository (or any of the parent directories): .git
2025-05-15 23:10:35.934 [info] > git rev-parse --show-toplevel [18ms]
2025-05-15 23:10:35.934 [info] fatal: not a git repository (or any of the parent directories): .git
