2025-05-19 19:25:01.418 [info] Experiment 'pythonRecommendTensorboardExt' is active
2025-05-19 19:25:01.418 [info] Experiment 'pythonTerminalEnvVarActivation' is active
2025-05-19 19:25:01.418 [warning] Dir "/home/eduardo/escoladanuvem/.pixi/envs" is not watchable (directory does not exist)
2025-05-19 19:25:02.216 [info] Starting Environment refresh
2025-05-19 19:25:03.811 [info] > hatch env show --json
2025-05-19 19:25:03.811 [info] cwd: .
2025-05-19 19:25:03.819 [info] Python interpreter path: /bin/python3
2025-05-19 19:25:04.880 [info] > C:\Users\eduar\AppData\Local\Programs\Python\Python313\python.exe -I ~/.vscode-server/extensions/ms-python.python-2025.6.1-linux-x64/python_files/get_output_via_markers.py ~/.vscode-server/extensions/ms-python.python-2025.6.1-linux-x64/python_files/interpreterInfo.py
2025-05-19 19:25:05.046 [error] [Error: Command failed: C:\Users\eduar\AppData\Local\Programs\Python\Python313\python.exe -I /home/eduardo/.vscode-server/extensions/ms-python.python-2025.6.1-linux-x64/python_files/get_output_via_markers.py /home/eduardo/.vscode-server/extensions/ms-python.python-2025.6.1-linux-x64/python_files/interpreterInfo.py
/bin/sh: 1: C:UserseduarAppDataLocalProgramsPythonPython313python.exe: not found

	at genericNodeError (node:internal/errors:984:15)
	at wrappedFn (node:internal/errors:538:14)
	at ChildProcess.exithandler (node:child_process:422:12)
	at ChildProcess.emit (node:events:536:35)
	at maybeClose (node:internal/child_process:1104:16)
	at Socket.<anonymous> (node:internal/child_process:456:11)
	at Socket.emit (node:events:524:28)
	at Pipe.<anonymous> (node:net:343:12)] {
  code: 127,
  killed: false,
  signal: null,
  cmd: 'C:\\Users\\eduar\\AppData\\Local\\Programs\\Python\\Python313\\python.exe -I /home/eduardo/.vscode-server/extensions/ms-python.python-2025.6.1-linux-x64/python_files/get_output_via_markers.py /home/eduardo/.vscode-server/extensions/ms-python.python-2025.6.1-linux-x64/python_files/interpreterInfo.py'
}
2025-05-19 19:25:05.077 [info] Environments refresh paths discovered: 2862 milliseconds
2025-05-19 19:25:07.125 [info] > C:\Users\eduar\AppData\Local\Programs\Python\Python313\python.exe -I ~/.vscode-server/extensions/ms-python.python-2025.6.1-linux-x64/python_files/get_output_via_markers.py ~/.vscode-server/extensions/ms-python.python-2025.6.1-linux-x64/python_files/interpreterInfo.py
2025-05-19 19:25:07.245 [error] [Error: Command failed: C:\Users\eduar\AppData\Local\Programs\Python\Python313\python.exe -I /home/eduardo/.vscode-server/extensions/ms-python.python-2025.6.1-linux-x64/python_files/get_output_via_markers.py /home/eduardo/.vscode-server/extensions/ms-python.python-2025.6.1-linux-x64/python_files/interpreterInfo.py
/bin/sh: 1: C:UserseduarAppDataLocalProgramsPythonPython313python.exe: not found

	at genericNodeError (node:internal/errors:984:15)
	at wrappedFn (node:internal/errors:538:14)
	at ChildProcess.exithandler (node:child_process:422:12)
	at ChildProcess.emit (node:events:536:35)
	at maybeClose (node:internal/child_process:1104:16)
	at ChildProcess._handle.onexit (node:internal/child_process:304:5)] {
  code: 127,
  killed: false,
  signal: null,
  cmd: 'C:\\Users\\eduar\\AppData\\Local\\Programs\\Python\\Python313\\python.exe -I /home/eduardo/.vscode-server/extensions/ms-python.python-2025.6.1-linux-x64/python_files/get_output_via_markers.py /home/eduardo/.vscode-server/extensions/ms-python.python-2025.6.1-linux-x64/python_files/interpreterInfo.py'
}
2025-05-19 19:25:07.246 [info] Environments refresh finished (event): 5032 milliseconds
2025-05-19 19:25:07.250 [info] Environment refresh took 5037 milliseconds
2025-05-19 19:25:07.310 [info] > pyenv which python
2025-05-19 19:25:07.310 [info] cwd: .
2025-05-19 19:25:09.031 [warning] Shell integration may not be active, environment activated may be overridden by the shell.
2025-05-19 19:25:11.718 [info] Starting Pylance language server.
2025-05-19 19:25:25.042 [info] Shell integration status changed, can confirm it's working.
