2025-05-19 19:27:51.855 [info] Experiment 'pythonRecommendTensorboardExt' is active
2025-05-19 19:27:51.855 [info] Experiment 'pythonTerminalEnvVarActivation' is active
2025-05-19 19:27:51.855 [warning] Dir "/home/eduardo/escoladanuvem/.pixi/envs" is not watchable (directory does not exist)
2025-05-19 19:27:51.855 [info] Python interpreter path: /bin/python3
2025-05-19 19:27:52.997 [info] > pyenv which python
2025-05-19 19:27:52.998 [info] cwd: .
2025-05-19 19:27:57.228 [info] Starting Pylance language server.
2025-05-19 19:58:14.344 [info] CreateEnv Trigger - Skipping for /home/eduardo/escoladanuvem/calcula_volume_caixa.py
2025-05-19 19:58:14.509 [info] Discover tests for workspace name: escoladanuvem - uri: /home/eduardo/escoladanuvem/calcula_volume_caixa.py
2025-05-19 20:03:40.857 [info] Discover tests for workspace name: escoladanuvem - uri: /home/eduardo/escoladanuvem/calcula_volume_caixa.py
2025-05-19 20:04:51.705 [info] Discover tests for workspace name: undefined - uri: c:/Users/eduar/AppData/Roaming/Code/User/settings.json
2025-05-19 20:19:30.456 [info] Discover tests for workspace name: escoladanuvem - uri: /home/eduardo/escoladanuvem/calculadora_soma.py
2025-05-19 20:19:38.198 [info] Discover tests for workspace name: escoladanuvem - uri: /home/eduardo/escoladanuvem/calculadora_soma.py
2025-05-19 20:19:40.056 [info] Discover tests for workspace name: escoladanuvem - uri: /home/eduardo/escoladanuvem/calculadora_soma.py
2025-05-19 20:19:45.440 [info] Discover tests for workspace name: escoladanuvem - uri: /home/eduardo/escoladanuvem/calculadora_soma.py
2025-05-19 20:19:48.643 [info] Discover tests for workspace name: escoladanuvem - uri: /home/eduardo/escoladanuvem/calculadora_soma.py
2025-05-19 20:19:52.351 [info] Discover tests for workspace name: escoladanuvem - uri: /home/eduardo/escoladanuvem/calculadora_soma.py
2025-05-19 20:19:54.635 [info] Discover tests for workspace name: escoladanuvem - uri: /home/eduardo/escoladanuvem/calculadora_soma.py
2025-05-19 20:19:56.501 [info] Discover tests for workspace name: escoladanuvem - uri: /home/eduardo/escoladanuvem/calculadora_soma.py
2025-05-19 20:19:59.659 [info] Discover tests for workspace name: escoladanuvem - uri: /home/eduardo/escoladanuvem/calculadora_soma.py
2025-05-19 20:20:03.784 [info] Discover tests for workspace name: escoladanuvem - uri: /home/eduardo/escoladanuvem/calculadora_soma.py
2025-05-19 20:20:08.573 [info] Discover tests for workspace name: escoladanuvem - uri: /home/eduardo/escoladanuvem/calculadora_soma.py
2025-05-19 20:20:17.165 [info] Discover tests for workspace name: escoladanuvem - uri: /home/eduardo/escoladanuvem/calculadora_soma.py
2025-05-19 20:20:20.575 [info] Discover tests for workspace name: escoladanuvem - uri: /home/eduardo/escoladanuvem/calculadora_soma.py
2025-05-19 20:20:23.056 [info] Discover tests for workspace name: escoladanuvem - uri: /home/eduardo/escoladanuvem/calculadora_soma.py
2025-05-19 20:20:24.625 [info] Discover tests for workspace name: escoladanuvem - uri: /home/eduardo/escoladanuvem/calculadora_soma.py
2025-05-19 20:20:28.308 [info] Discover tests for workspace name: escoladanuvem - uri: /home/eduardo/escoladanuvem/calculadora_soma.py
2025-05-19 20:20:34.378 [info] Discover tests for workspace name: escoladanuvem - uri: /home/eduardo/escoladanuvem/calculadora_soma.py
2025-05-19 20:20:39.166 [info] Discover tests for workspace name: escoladanuvem - uri: /home/eduardo/escoladanuvem/calculadora_soma.py
2025-05-19 20:20:41.853 [info] Discover tests for workspace name: escoladanuvem - uri: /home/eduardo/escoladanuvem/calculadora_soma.py
2025-05-19 20:20:43.439 [info] Discover tests for workspace name: escoladanuvem - uri: /home/eduardo/escoladanuvem/calculadora_soma.py
2025-05-19 20:20:46.462 [info] Discover tests for workspace name: escoladanuvem - uri: /home/eduardo/escoladanuvem/calculadora_soma.py
2025-05-19 20:20:51.596 [info] Discover tests for workspace name: escoladanuvem - uri: /home/eduardo/escoladanuvem/calculadora_soma.py
2025-05-19 20:20:54.333 [info] Discover tests for workspace name: escoladanuvem - uri: /home/eduardo/escoladanuvem/calculadora_soma.py
2025-05-19 20:20:57.239 [info] Discover tests for workspace name: escoladanuvem - uri: /home/eduardo/escoladanuvem/calculadora_soma.py
2025-05-19 20:20:59.429 [info] Discover tests for workspace name: escoladanuvem - uri: /home/eduardo/escoladanuvem/calculadora_soma.py
2025-05-19 20:21:09.343 [info] Discover tests for workspace name: escoladanuvem - uri: /home/eduardo/escoladanuvem/calculadora_soma.py
2025-05-19 20:21:11.708 [info] Discover tests for workspace name: escoladanuvem - uri: /home/eduardo/escoladanuvem/calculadora_soma.py
2025-05-19 20:21:13.670 [info] Discover tests for workspace name: escoladanuvem - uri: /home/eduardo/escoladanuvem/calculadora_soma.py
2025-05-19 20:21:18.619 [info] Discover tests for workspace name: escoladanuvem - uri: /home/eduardo/escoladanuvem/calculadora_soma.py
2025-05-19 20:21:28.087 [info] Discover tests for workspace name: escoladanuvem - uri: /home/eduardo/escoladanuvem/calculadora_soma.py
2025-05-19 20:21:36.800 [info] Discover tests for workspace name: escoladanuvem - uri: /home/eduardo/escoladanuvem/calculadora_soma.py
2025-05-19 20:21:39.179 [info] Discover tests for workspace name: escoladanuvem - uri: /home/eduardo/escoladanuvem/calculadora_soma.py
2025-05-19 20:21:43.360 [info] Discover tests for workspace name: escoladanuvem - uri: /home/eduardo/escoladanuvem/calculadora_soma.py
2025-05-19 20:21:44.608 [info] Discover tests for workspace name: escoladanuvem - uri: /home/eduardo/escoladanuvem/calculadora_soma.py
2025-05-19 20:21:45.966 [info] Discover tests for workspace name: escoladanuvem - uri: /home/eduardo/escoladanuvem/calculadora_soma.py
2025-05-19 20:21:47.409 [info] Discover tests for workspace name: escoladanuvem - uri: /home/eduardo/escoladanuvem/calculadora_soma.py
2025-05-19 20:21:49.902 [info] Discover tests for workspace name: escoladanuvem - uri: /home/eduardo/escoladanuvem/calculadora_soma.py
2025-05-19 20:21:56.132 [info] Discover tests for workspace name: escoladanuvem - uri: /home/eduardo/escoladanuvem/calculadora_soma.py
2025-05-19 20:21:58.275 [info] Discover tests for workspace name: escoladanuvem - uri: /home/eduardo/escoladanuvem/calculadora_soma.py
2025-05-19 20:21:59.725 [info] Discover tests for workspace name: escoladanuvem - uri: /home/eduardo/escoladanuvem/calculadora_soma.py
2025-05-19 20:22:02.380 [info] Discover tests for workspace name: escoladanuvem - uri: /home/eduardo/escoladanuvem/calculadora_soma.py
2025-05-19 20:22:10.655 [info] Discover tests for workspace name: escoladanuvem - uri: /home/eduardo/escoladanuvem/calculadora_soma.py
2025-05-19 20:22:13.936 [info] Discover tests for workspace name: escoladanuvem - uri: /home/eduardo/escoladanuvem/calculadora_soma.py
2025-05-19 20:22:15.899 [info] Discover tests for workspace name: escoladanuvem - uri: /home/eduardo/escoladanuvem/calculadora_soma.py
2025-05-19 20:22:20.654 [info] Discover tests for workspace name: escoladanuvem - uri: /home/eduardo/escoladanuvem/calculadora_soma.py
2025-05-19 20:22:22.090 [info] Discover tests for workspace name: escoladanuvem - uri: /home/eduardo/escoladanuvem/calculadora_soma.py
2025-05-19 20:22:25.445 [info] Discover tests for workspace name: escoladanuvem - uri: /home/eduardo/escoladanuvem/calculadora_soma.py
2025-05-19 20:23:20.024 [info] Discover tests for workspace name: escoladanuvem - uri: /home/eduardo/escoladanuvem/calculadora_soma.py
2025-05-19 20:23:23.604 [info] Discover tests for workspace name: escoladanuvem - uri: /home/eduardo/escoladanuvem/calculadora_soma.py
2025-05-19 20:23:30.178 [info] Discover tests for workspace name: escoladanuvem - uri: /home/eduardo/escoladanuvem/calculadora_soma.py
2025-05-19 20:23:34.682 [info] Discover tests for workspace name: escoladanuvem - uri: /home/eduardo/escoladanuvem/calculadora_soma.py
2025-05-19 20:23:36.432 [info] Discover tests for workspace name: escoladanuvem - uri: /home/eduardo/escoladanuvem/calculadora_soma.py
2025-05-19 20:23:42.469 [info] Discover tests for workspace name: escoladanuvem - uri: /home/eduardo/escoladanuvem/calculadora_soma.py
2025-05-19 20:23:55.528 [info] Discover tests for workspace name: escoladanuvem - uri: /home/eduardo/escoladanuvem/calculadora_soma.py
2025-05-19 20:24:22.799 [info] Discover tests for workspace name: escoladanuvem - uri: /home/eduardo/escoladanuvem/calculadora_soma.py
2025-05-19 20:24:27.915 [info] Discover tests for workspace name: escoladanuvem - uri: /home/eduardo/escoladanuvem/calculadora_soma.py
2025-05-19 20:24:34.624 [info] Discover tests for workspace name: escoladanuvem - uri: /home/eduardo/escoladanuvem/calculadora_soma.py
2025-05-19 20:24:40.539 [info] Discover tests for workspace name: escoladanuvem - uri: /home/eduardo/escoladanuvem/calculadora_soma.py
2025-05-19 20:24:47.070 [info] Discover tests for workspace name: escoladanuvem - uri: /home/eduardo/escoladanuvem/calculadora_soma.py
2025-05-19 20:24:51.366 [info] Discover tests for workspace name: escoladanuvem - uri: /home/eduardo/escoladanuvem/calculadora_soma.py
2025-05-19 20:24:58.729 [info] Discover tests for workspace name: escoladanuvem - uri: /home/eduardo/escoladanuvem/calculadora_soma.py
2025-05-19 20:25:00.536 [info] Discover tests for workspace name: escoladanuvem - uri: /home/eduardo/escoladanuvem/calculadora_soma.py
2025-05-19 20:25:24.590 [info] Discover tests for workspace name: escoladanuvem - uri: /home/eduardo/escoladanuvem/calculadora_soma.py
2025-05-19 20:30:19.905 [info] Discover tests for workspace name: escoladanuvem - uri: /home/eduardo/escoladanuvem/calcula_cadeira.py
2025-05-19 20:30:22.110 [info] Discover tests for workspace name: escoladanuvem - uri: /home/eduardo/escoladanuvem/calcula_cadeira.py
2025-05-19 20:30:25.509 [info] Discover tests for workspace name: escoladanuvem - uri: /home/eduardo/escoladanuvem/calcula_cadeira.py
2025-05-19 20:30:28.686 [info] Discover tests for workspace name: escoladanuvem - uri: /home/eduardo/escoladanuvem/calcula_cadeira.py
2025-05-19 20:30:37.504 [info] Discover tests for workspace name: escoladanuvem - uri: /home/eduardo/escoladanuvem/calcula_cadeira.py
2025-05-19 20:30:52.004 [info] Discover tests for workspace name: escoladanuvem - uri: /home/eduardo/escoladanuvem/calcula_cadeira.py
2025-05-19 20:30:55.091 [info] Discover tests for workspace name: escoladanuvem - uri: /home/eduardo/escoladanuvem/calcula_cadeira.py
2025-05-19 20:30:59.942 [info] Discover tests for workspace name: escoladanuvem - uri: /home/eduardo/escoladanuvem/calcula_cadeira.py
2025-05-19 20:31:07.335 [info] Discover tests for workspace name: escoladanuvem - uri: /home/eduardo/escoladanuvem/calcula_cadeira.py
2025-05-19 20:31:09.671 [info] Discover tests for workspace name: escoladanuvem - uri: /home/eduardo/escoladanuvem/calcula_cadeira.py
2025-05-19 20:31:11.806 [info] Discover tests for workspace name: escoladanuvem - uri: /home/eduardo/escoladanuvem/calcula_cadeira.py
2025-05-19 20:31:14.771 [info] Discover tests for workspace name: escoladanuvem - uri: /home/eduardo/escoladanuvem/calcula_cadeira.py
2025-05-19 20:31:20.050 [info] Discover tests for workspace name: escoladanuvem - uri: /home/eduardo/escoladanuvem/calcula_cadeira.py
2025-05-19 20:31:28.371 [info] Discover tests for workspace name: escoladanuvem - uri: /home/eduardo/escoladanuvem/calcula_cadeira.py
2025-05-19 20:31:31.402 [info] Discover tests for workspace name: escoladanuvem - uri: /home/eduardo/escoladanuvem/calcula_cadeira.py
2025-05-19 20:31:35.004 [info] Discover tests for workspace name: escoladanuvem - uri: /home/eduardo/escoladanuvem/calcula_cadeira.py
2025-05-19 20:31:43.488 [info] Discover tests for workspace name: escoladanuvem - uri: /home/eduardo/escoladanuvem/calcula_cadeira.py
2025-05-19 20:31:46.770 [info] Discover tests for workspace name: escoladanuvem - uri: /home/eduardo/escoladanuvem/calcula_cadeira.py
2025-05-19 20:31:48.081 [info] Discover tests for workspace name: escoladanuvem - uri: /home/eduardo/escoladanuvem/calcula_cadeira.py
2025-05-19 20:31:57.846 [info] Discover tests for workspace name: escoladanuvem - uri: /home/eduardo/escoladanuvem/calcula_cadeira.py
2025-05-19 20:32:00.221 [info] Discover tests for workspace name: escoladanuvem - uri: /home/eduardo/escoladanuvem/calcula_cadeira.py
2025-05-19 20:32:01.889 [info] Discover tests for workspace name: escoladanuvem - uri: /home/eduardo/escoladanuvem/calcula_cadeira.py
2025-05-19 20:32:07.996 [info] Discover tests for workspace name: escoladanuvem - uri: /home/eduardo/escoladanuvem/calcula_cadeira.py
2025-05-19 20:32:09.691 [info] Discover tests for workspace name: escoladanuvem - uri: /home/eduardo/escoladanuvem/calcula_cadeira.py
2025-05-19 20:32:14.526 [info] Discover tests for workspace name: escoladanuvem - uri: /home/eduardo/escoladanuvem/calcula_cadeira.py
2025-05-19 20:32:16.149 [info] Discover tests for workspace name: escoladanuvem - uri: /home/eduardo/escoladanuvem/calcula_cadeira.py
2025-05-19 20:32:17.347 [info] Discover tests for workspace name: escoladanuvem - uri: /home/eduardo/escoladanuvem/calcula_cadeira.py
2025-05-19 20:32:19.192 [info] Discover tests for workspace name: escoladanuvem - uri: /home/eduardo/escoladanuvem/calcula_cadeira.py
2025-05-19 20:32:23.296 [info] Discover tests for workspace name: escoladanuvem - uri: /home/eduardo/escoladanuvem/calcula_cadeira.py
2025-05-19 20:32:26.567 [info] Discover tests for workspace name: escoladanuvem - uri: /home/eduardo/escoladanuvem/calcula_cadeira.py
2025-05-19 20:32:33.314 [info] Discover tests for workspace name: escoladanuvem - uri: /home/eduardo/escoladanuvem/calcula_cadeira.py
2025-05-19 20:32:53.787 [info] Discover tests for workspace name: escoladanuvem - uri: /home/eduardo/escoladanuvem/calcula_cadeira.py
2025-05-19 20:32:56.435 [info] Discover tests for workspace name: escoladanuvem - uri: /home/eduardo/escoladanuvem/calcula_cadeira.py
2025-05-19 20:32:58.089 [info] Discover tests for workspace name: escoladanuvem - uri: /home/eduardo/escoladanuvem/calcula_cadeira.py
2025-05-19 20:32:59.987 [info] Discover tests for workspace name: escoladanuvem - uri: /home/eduardo/escoladanuvem/calcula_cadeira.py
2025-05-19 20:33:33.078 [info] Discover tests for workspace name: escoladanuvem - uri: /home/eduardo/escoladanuvem/calcula_cadeira.py
2025-05-19 20:33:36.829 [info] Discover tests for workspace name: escoladanuvem - uri: /home/eduardo/escoladanuvem/calcula_cadeira.py
2025-05-19 20:33:39.947 [info] Discover tests for workspace name: escoladanuvem - uri: /home/eduardo/escoladanuvem/calcula_cadeira.py
2025-05-19 20:33:56.909 [info] Discover tests for workspace name: escoladanuvem - uri: /home/eduardo/escoladanuvem/calcula_cadeira.py
2025-05-19 20:34:00.137 [info] Discover tests for workspace name: escoladanuvem - uri: /home/eduardo/escoladanuvem/calcula_cadeira.py
2025-05-19 20:34:02.201 [info] Discover tests for workspace name: escoladanuvem - uri: /home/eduardo/escoladanuvem/calcula_cadeira.py
2025-05-19 20:34:05.957 [info] Discover tests for workspace name: escoladanuvem - uri: /home/eduardo/escoladanuvem/calcula_cadeira.py
2025-05-19 20:37:19.283 [info] Discover tests for workspace name: escoladanuvem - uri: /home/eduardo/escoladanuvem/calcula_cadeira.py
2025-05-19 20:37:53.165 [info] Discover tests for workspace name: escoladanuvem - uri: /home/eduardo/escoladanuvem/calcula_cadeira.py
2025-05-19 20:37:54.805 [info] Discover tests for workspace name: escoladanuvem - uri: /home/eduardo/escoladanuvem/calcula_cadeira.py
2025-05-19 20:38:00.385 [info] Discover tests for workspace name: escoladanuvem - uri: /home/eduardo/escoladanuvem/calcula_cadeira.py
2025-05-19 20:38:03.402 [info] Discover tests for workspace name: escoladanuvem - uri: /home/eduardo/escoladanuvem/calcula_cadeira.py
2025-05-19 20:38:09.266 [info] Discover tests for workspace name: escoladanuvem - uri: /home/eduardo/escoladanuvem/calcula_cadeira.py
2025-05-19 20:38:13.249 [info] Discover tests for workspace name: escoladanuvem - uri: /home/eduardo/escoladanuvem/calcula_cadeira.py
2025-05-19 20:38:16.202 [info] Discover tests for workspace name: escoladanuvem - uri: /home/eduardo/escoladanuvem/calcula_cadeira.py
2025-05-19 20:38:23.737 [info] Discover tests for workspace name: escoladanuvem - uri: /home/eduardo/escoladanuvem/calcula_cadeira.py
2025-05-19 20:39:15.576 [info] Discover tests for workspace name: escoladanuvem - uri: /home/eduardo/escoladanuvem/calcula_cadeira.py
2025-05-19 20:39:18.913 [info] Discover tests for workspace name: escoladanuvem - uri: /home/eduardo/escoladanuvem/calcula_cadeira.py
2025-05-19 20:39:21.286 [info] Discover tests for workspace name: escoladanuvem - uri: /home/eduardo/escoladanuvem/calcula_cadeira.py
2025-05-19 20:39:23.275 [info] Discover tests for workspace name: escoladanuvem - uri: /home/eduardo/escoladanuvem/calcula_cadeira.py
2025-05-19 20:39:26.495 [info] Discover tests for workspace name: escoladanuvem - uri: /home/eduardo/escoladanuvem/calcula_cadeira.py
2025-05-19 20:39:34.772 [info] Discover tests for workspace name: escoladanuvem - uri: /home/eduardo/escoladanuvem/calcula_cadeira.py
2025-05-19 20:39:40.184 [info] Discover tests for workspace name: escoladanuvem - uri: /home/eduardo/escoladanuvem/calcula_cadeira.py
2025-05-19 20:39:42.419 [info] Discover tests for workspace name: escoladanuvem - uri: /home/eduardo/escoladanuvem/calcula_cadeira.py
2025-05-19 20:39:44.791 [info] Discover tests for workspace name: escoladanuvem - uri: /home/eduardo/escoladanuvem/calcula_cadeira.py
2025-05-19 20:39:46.374 [info] Discover tests for workspace name: escoladanuvem - uri: /home/eduardo/escoladanuvem/calcula_cadeira.py
2025-05-19 20:39:48.950 [info] Discover tests for workspace name: escoladanuvem - uri: /home/eduardo/escoladanuvem/calcula_cadeira.py
2025-05-19 20:39:50.467 [info] Discover tests for workspace name: escoladanuvem - uri: /home/eduardo/escoladanuvem/calcula_cadeira.py
2025-05-19 20:39:52.832 [info] Discover tests for workspace name: escoladanuvem - uri: /home/eduardo/escoladanuvem/calcula_cadeira.py
2025-05-19 20:40:01.279 [info] Discover tests for workspace name: escoladanuvem - uri: /home/eduardo/escoladanuvem/calcula_cadeira.py
2025-05-19 20:40:04.637 [info] Discover tests for workspace name: escoladanuvem - uri: /home/eduardo/escoladanuvem/calcula_cadeira.py
2025-05-19 20:40:06.322 [info] Discover tests for workspace name: escoladanuvem - uri: /home/eduardo/escoladanuvem/calcula_cadeira.py
2025-05-19 20:40:08.217 [info] Discover tests for workspace name: escoladanuvem - uri: /home/eduardo/escoladanuvem/calcula_cadeira.py
2025-05-19 20:40:13.213 [info] Discover tests for workspace name: escoladanuvem - uri: /home/eduardo/escoladanuvem/calcula_cadeira.py
2025-05-19 20:40:21.836 [info] Discover tests for workspace name: escoladanuvem - uri: /home/eduardo/escoladanuvem/calcula_cadeira.py
2025-05-19 20:40:23.491 [info] Discover tests for workspace name: escoladanuvem - uri: /home/eduardo/escoladanuvem/calcula_cadeira.py
2025-05-19 20:40:33.074 [info] Discover tests for workspace name: escoladanuvem - uri: /home/eduardo/escoladanuvem/calcula_cadeira.py
2025-05-19 20:41:04.718 [info] Discover tests for workspace name: escoladanuvem - uri: /home/eduardo/escoladanuvem/calcula_cadeira.py
2025-05-19 20:41:07.532 [info] Discover tests for workspace name: escoladanuvem - uri: /home/eduardo/escoladanuvem/calcula_cadeira.py
2025-05-19 20:41:09.881 [info] Discover tests for workspace name: escoladanuvem - uri: /home/eduardo/escoladanuvem/calcula_cadeira.py
2025-05-19 20:41:12.584 [info] Discover tests for workspace name: escoladanuvem - uri: /home/eduardo/escoladanuvem/calcula_cadeira.py
2025-05-19 20:41:20.012 [info] Discover tests for workspace name: escoladanuvem - uri: /home/eduardo/escoladanuvem/calcula_cadeira.py
2025-05-19 20:41:23.223 [info] Discover tests for workspace name: escoladanuvem - uri: /home/eduardo/escoladanuvem/calcula_cadeira.py
2025-05-19 20:41:39.593 [info] Discover tests for workspace name: escoladanuvem - uri: /home/eduardo/escoladanuvem/calcula_cadeira.py
2025-05-19 20:41:42.632 [info] Discover tests for workspace name: escoladanuvem - uri: /home/eduardo/escoladanuvem/calcula_cadeira.py
2025-05-19 20:41:45.210 [info] Discover tests for workspace name: escoladanuvem - uri: /home/eduardo/escoladanuvem/calcula_cadeira.py
2025-05-19 20:41:47.213 [info] Discover tests for workspace name: escoladanuvem - uri: /home/eduardo/escoladanuvem/calcula_cadeira.py
2025-05-19 20:41:51.900 [info] Discover tests for workspace name: escoladanuvem - uri: /home/eduardo/escoladanuvem/calcula_cadeira.py
2025-05-19 20:41:55.325 [info] Discover tests for workspace name: escoladanuvem - uri: /home/eduardo/escoladanuvem/calcula_cadeira.py
2025-05-19 20:42:04.838 [info] Discover tests for workspace name: escoladanuvem - uri: /home/eduardo/escoladanuvem/calcula_cadeira.py
2025-05-19 20:42:14.858 [info] Discover tests for workspace name: escoladanuvem - uri: /home/eduardo/escoladanuvem/calcula_cadeira.py
2025-05-19 20:42:58.047 [info] Discover tests for workspace name: escoladanuvem - uri: /home/eduardo/escoladanuvem/calcula_cadeira.py
2025-05-19 20:43:02.632 [info] Discover tests for workspace name: escoladanuvem - uri: /home/eduardo/escoladanuvem/calcula_cadeira.py
2025-05-19 20:43:05.511 [info] Discover tests for workspace name: escoladanuvem - uri: /home/eduardo/escoladanuvem/calcula_cadeira.py
2025-05-19 20:43:23.186 [info] Discover tests for workspace name: escoladanuvem - uri: /home/eduardo/escoladanuvem/calcula_cadeira.py
2025-05-19 20:43:26.130 [info] Discover tests for workspace name: escoladanuvem - uri: /home/eduardo/escoladanuvem/calcula_cadeira.py
2025-05-19 20:43:27.471 [info] Discover tests for workspace name: escoladanuvem - uri: /home/eduardo/escoladanuvem/calcula_cadeira.py
2025-05-19 20:43:29.843 [info] Discover tests for workspace name: escoladanuvem - uri: /home/eduardo/escoladanuvem/calcula_cadeira.py
2025-05-19 20:43:33.422 [info] Discover tests for workspace name: escoladanuvem - uri: /home/eduardo/escoladanuvem/calcula_cadeira.py
2025-05-19 20:44:21.872 [info] Discover tests for workspace name: escoladanuvem - uri: /home/eduardo/escoladanuvem/calcula_cadeira.py
2025-05-19 20:44:24.171 [info] Discover tests for workspace name: escoladanuvem - uri: /home/eduardo/escoladanuvem/calcula_cadeira.py
2025-05-19 20:44:27.065 [info] Discover tests for workspace name: escoladanuvem - uri: /home/eduardo/escoladanuvem/calcula_cadeira.py
2025-05-19 20:44:30.317 [info] Discover tests for workspace name: escoladanuvem - uri: /home/eduardo/escoladanuvem/calcula_cadeira.py
2025-05-19 20:44:32.507 [info] Discover tests for workspace name: escoladanuvem - uri: /home/eduardo/escoladanuvem/calcula_cadeira.py
2025-05-19 20:44:35.024 [info] Discover tests for workspace name: escoladanuvem - uri: /home/eduardo/escoladanuvem/calcula_cadeira.py
2025-05-19 20:44:54.266 [info] Discover tests for workspace name: escoladanuvem - uri: /home/eduardo/escoladanuvem/calcula_cadeira.py
2025-05-19 20:44:58.538 [info] Discover tests for workspace name: escoladanuvem - uri: /home/eduardo/escoladanuvem/calcula_cadeira.py
2025-05-19 20:45:01.931 [info] Discover tests for workspace name: escoladanuvem - uri: /home/eduardo/escoladanuvem/calcula_cadeira.py
2025-05-19 20:45:13.744 [info] Discover tests for workspace name: escoladanuvem - uri: /home/eduardo/escoladanuvem/calcula_cadeira.py
2025-05-19 20:45:31.304 [info] Discover tests for workspace name: escoladanuvem - uri: /home/eduardo/escoladanuvem/calcula_cadeira.py
2025-05-19 20:45:33.738 [info] Discover tests for workspace name: escoladanuvem - uri: /home/eduardo/escoladanuvem/calcula_cadeira.py
2025-05-19 20:45:37.052 [info] Discover tests for workspace name: escoladanuvem - uri: /home/eduardo/escoladanuvem/calcula_cadeira.py
2025-05-19 20:45:44.768 [info] Discover tests for workspace name: escoladanuvem - uri: /home/eduardo/escoladanuvem/calcula_cadeira.py
2025-05-19 20:46:04.309 [info] Discover tests for workspace name: escoladanuvem - uri: /home/eduardo/escoladanuvem/calcula_cadeira.py
2025-05-19 20:46:05.362 [info] Discover tests for workspace name: escoladanuvem - uri: /home/eduardo/escoladanuvem/calcula_cadeira.py
2025-05-19 20:46:06.687 [info] Discover tests for workspace name: escoladanuvem - uri: /home/eduardo/escoladanuvem/calcula_cadeira.py
2025-05-19 20:46:12.868 [info] Discover tests for workspace name: escoladanuvem - uri: /home/eduardo/escoladanuvem/calcula_cadeira.py
2025-05-19 20:46:15.192 [info] Discover tests for workspace name: escoladanuvem - uri: /home/eduardo/escoladanuvem/calcula_cadeira.py
2025-05-19 20:46:17.108 [info] Discover tests for workspace name: escoladanuvem - uri: /home/eduardo/escoladanuvem/calcula_cadeira.py
2025-05-19 20:46:19.715 [info] Discover tests for workspace name: escoladanuvem - uri: /home/eduardo/escoladanuvem/calcula_cadeira.py
2025-05-19 20:46:24.433 [info] Discover tests for workspace name: escoladanuvem - uri: /home/eduardo/escoladanuvem/calcula_cadeira.py
2025-05-19 20:46:30.450 [info] Discover tests for workspace name: escoladanuvem - uri: /home/eduardo/escoladanuvem/calcula_cadeira.py
2025-05-19 20:46:37.188 [info] Discover tests for workspace name: escoladanuvem - uri: /home/eduardo/escoladanuvem/calcula_cadeira.py
2025-05-19 20:46:39.493 [info] Discover tests for workspace name: escoladanuvem - uri: /home/eduardo/escoladanuvem/calcula_cadeira.py
2025-05-19 20:46:41.848 [info] Discover tests for workspace name: escoladanuvem - uri: /home/eduardo/escoladanuvem/calcula_cadeira.py
2025-05-19 20:46:45.125 [info] Discover tests for workspace name: escoladanuvem - uri: /home/eduardo/escoladanuvem/calcula_cadeira.py
2025-05-19 20:49:57.382 [info] Discover tests for workspace name: escoladanuvem - uri: /home/eduardo/escoladanuvem/exercicios/hello-world.py
2025-05-19 20:53:05.482 [info] Discover tests for workspace name: escoladanuvem - uri: /home/eduardo/escoladanuvem/exercicios/calcula_diferenca.py
2025-05-19 20:53:15.992 [info] Discover tests for workspace name: escoladanuvem - uri: /home/eduardo/escoladanuvem/exercicios/calcula_diferenca.py
2025-05-19 20:53:19.248 [info] Discover tests for workspace name: escoladanuvem - uri: /home/eduardo/escoladanuvem/exercicios/calcula_diferenca.py
2025-05-19 20:53:21.970 [info] Discover tests for workspace name: escoladanuvem - uri: /home/eduardo/escoladanuvem/exercicios/calcula_diferenca.py
2025-05-19 20:53:24.147 [info] Discover tests for workspace name: escoladanuvem - uri: /home/eduardo/escoladanuvem/exercicios/calcula_diferenca.py
2025-05-19 20:53:27.033 [info] Discover tests for workspace name: escoladanuvem - uri: /home/eduardo/escoladanuvem/exercicios/calcula_diferenca.py
2025-05-19 20:53:33.774 [info] Discover tests for workspace name: escoladanuvem - uri: /home/eduardo/escoladanuvem/exercicios/calcula_diferenca.py
2025-05-19 20:53:35.701 [info] Discover tests for workspace name: escoladanuvem - uri: /home/eduardo/escoladanuvem/exercicios/calcula_diferenca.py
2025-05-19 20:53:36.950 [info] Discover tests for workspace name: escoladanuvem - uri: /home/eduardo/escoladanuvem/exercicios/calcula_diferenca.py
2025-05-19 20:53:40.309 [info] Discover tests for workspace name: escoladanuvem - uri: /home/eduardo/escoladanuvem/exercicios/calcula_diferenca.py
2025-05-19 20:54:03.472 [info] Discover tests for workspace name: escoladanuvem - uri: /home/eduardo/escoladanuvem/exercicios/calcula_diferenca.py
2025-05-19 20:54:06.683 [info] Discover tests for workspace name: escoladanuvem - uri: /home/eduardo/escoladanuvem/exercicios/calcula_diferenca.py
2025-05-19 20:54:21.052 [info] Discover tests for workspace name: escoladanuvem - uri: /home/eduardo/escoladanuvem/exercicios/calcula_diferenca.py
2025-05-19 20:56:05.335 [info] Discover tests for workspace name: escoladanuvem - uri: /home/eduardo/escoladanuvem/exercicios/calcula_diferenca.py
2025-05-19 20:56:08.577 [info] Discover tests for workspace name: escoladanuvem - uri: /home/eduardo/escoladanuvem/exercicios/calcula_diferenca.py
2025-05-19 20:56:11.200 [info] Discover tests for workspace name: escoladanuvem - uri: /home/eduardo/escoladanuvem/exercicios/calcula_diferenca.py
2025-05-19 20:56:13.260 [info] Discover tests for workspace name: escoladanuvem - uri: /home/eduardo/escoladanuvem/exercicios/calcula_diferenca.py
2025-05-19 20:56:17.793 [info] Discover tests for workspace name: escoladanuvem - uri: /home/eduardo/escoladanuvem/exercicios/calcula_diferenca.py
2025-05-19 20:56:20.880 [info] Discover tests for workspace name: escoladanuvem - uri: /home/eduardo/escoladanuvem/exercicios/calcula_diferenca.py
2025-05-19 20:56:22.498 [info] Discover tests for workspace name: escoladanuvem - uri: /home/eduardo/escoladanuvem/exercicios/calcula_diferenca.py
2025-05-19 20:56:28.043 [info] Discover tests for workspace name: escoladanuvem - uri: /home/eduardo/escoladanuvem/exercicios/calcula_diferenca.py
2025-05-19 20:56:30.371 [info] Discover tests for workspace name: escoladanuvem - uri: /home/eduardo/escoladanuvem/exercicios/calcula_diferenca.py
2025-05-19 20:56:36.325 [info] Discover tests for workspace name: escoladanuvem - uri: /home/eduardo/escoladanuvem/exercicios/calcula_diferenca.py
2025-05-19 20:56:39.681 [info] Discover tests for workspace name: escoladanuvem - uri: /home/eduardo/escoladanuvem/exercicios/calcula_diferenca.py
2025-05-19 20:57:17.239 [info] Discover tests for workspace name: escoladanuvem - uri: /home/eduardo/escoladanuvem/exercicios/calcula_diferenca.py
2025-05-19 20:57:50.366 [info] Discover tests for workspace name: escoladanuvem - uri: /home/eduardo/escoladanuvem/exercicios/calcula_diferenca.py
2025-05-19 20:57:55.450 [info] Discover tests for workspace name: escoladanuvem - uri: /home/eduardo/escoladanuvem/exercicios/calcula_diferenca.py
2025-05-19 20:57:59.455 [info] Discover tests for workspace name: escoladanuvem - uri: /home/eduardo/escoladanuvem/exercicios/calcula_diferenca.py
2025-05-19 20:58:03.127 [info] Discover tests for workspace name: escoladanuvem - uri: /home/eduardo/escoladanuvem/exercicios/calcula_diferenca.py
2025-05-19 20:58:08.577 [info] Discover tests for workspace name: escoladanuvem - uri: /home/eduardo/escoladanuvem/exercicios/calcula_diferenca.py
2025-05-19 20:58:15.660 [info] Discover tests for workspace name: escoladanuvem - uri: /home/eduardo/escoladanuvem/exercicios/calcula_diferenca.py
2025-05-19 20:58:17.294 [info] Discover tests for workspace name: escoladanuvem - uri: /home/eduardo/escoladanuvem/exercicios/calcula_diferenca.py
2025-05-19 20:58:20.977 [info] Discover tests for workspace name: escoladanuvem - uri: /home/eduardo/escoladanuvem/exercicios/calcula_diferenca.py
2025-05-19 20:58:24.327 [info] Discover tests for workspace name: escoladanuvem - uri: /home/eduardo/escoladanuvem/exercicios/calcula_diferenca.py
2025-05-19 20:58:26.239 [info] Discover tests for workspace name: escoladanuvem - uri: /home/eduardo/escoladanuvem/exercicios/calcula_diferenca.py
2025-05-19 20:58:28.243 [info] Discover tests for workspace name: escoladanuvem - uri: /home/eduardo/escoladanuvem/exercicios/calcula_diferenca.py
2025-05-19 20:58:40.511 [info] Discover tests for workspace name: escoladanuvem - uri: /home/eduardo/escoladanuvem/exercicios/calcula_diferenca.py
2025-05-19 20:58:43.266 [info] Discover tests for workspace name: escoladanuvem - uri: /home/eduardo/escoladanuvem/exercicios/calcula_diferenca.py
2025-05-19 20:58:53.554 [info] Discover tests for workspace name: escoladanuvem - uri: /home/eduardo/escoladanuvem/exercicios/calcula_diferenca.py
2025-05-19 20:59:17.941 [info] Discover tests for workspace name: escoladanuvem - uri: /home/eduardo/escoladanuvem/exercicios/calcula_diferenca.py
2025-05-19 20:59:24.529 [info] Discover tests for workspace name: escoladanuvem - uri: /home/eduardo/escoladanuvem/exercicios/calcula_diferenca.py
2025-05-19 20:59:36.333 [info] Discover tests for workspace name: escoladanuvem - uri: /home/eduardo/escoladanuvem/exercicios/calcula_diferenca.py
2025-05-19 20:59:45.035 [info] Discover tests for workspace name: escoladanuvem - uri: /home/eduardo/escoladanuvem/exercicios/calcula_diferenca.py
2025-05-19 20:59:56.119 [info] Discover tests for workspace name: escoladanuvem - uri: /home/eduardo/escoladanuvem/exercicios/calcula_diferenca.py
2025-05-19 20:59:57.875 [info] Discover tests for workspace name: escoladanuvem - uri: /home/eduardo/escoladanuvem/exercicios/calcula_diferenca.py
2025-05-19 20:59:59.766 [info] Discover tests for workspace name: escoladanuvem - uri: /home/eduardo/escoladanuvem/exercicios/calcula_diferenca.py
2025-05-19 21:00:03.903 [info] Discover tests for workspace name: escoladanuvem - uri: /home/eduardo/escoladanuvem/exercicios/calcula_diferenca.py
2025-05-19 21:00:06.050 [info] Discover tests for workspace name: escoladanuvem - uri: /home/eduardo/escoladanuvem/exercicios/calcula_diferenca.py
2025-05-19 21:00:09.485 [info] Discover tests for workspace name: escoladanuvem - uri: /home/eduardo/escoladanuvem/exercicios/calcula_diferenca.py
2025-05-19 21:00:12.201 [info] Discover tests for workspace name: escoladanuvem - uri: /home/eduardo/escoladanuvem/exercicios/calcula_diferenca.py
2025-05-19 21:00:13.570 [info] Discover tests for workspace name: escoladanuvem - uri: /home/eduardo/escoladanuvem/exercicios/calcula_diferenca.py
2025-05-19 21:00:17.331 [info] Discover tests for workspace name: escoladanuvem - uri: /home/eduardo/escoladanuvem/exercicios/calcula_diferenca.py
2025-05-19 21:00:22.090 [info] Discover tests for workspace name: escoladanuvem - uri: /home/eduardo/escoladanuvem/exercicios/calcula_diferenca.py
2025-05-19 21:00:25.335 [info] Discover tests for workspace name: escoladanuvem - uri: /home/eduardo/escoladanuvem/exercicios/calcula_diferenca.py
2025-05-19 21:00:35.527 [info] Discover tests for workspace name: escoladanuvem - uri: /home/eduardo/escoladanuvem/exercicios/calcula_diferenca.py
2025-05-19 21:00:38.223 [info] Discover tests for workspace name: escoladanuvem - uri: /home/eduardo/escoladanuvem/exercicios/calcula_diferenca.py
2025-05-19 21:00:48.063 [info] Discover tests for workspace name: escoladanuvem - uri: /home/eduardo/escoladanuvem/exercicios/calcula_diferenca.py
2025-05-19 21:00:50.150 [info] Discover tests for workspace name: escoladanuvem - uri: /home/eduardo/escoladanuvem/exercicios/calcula_diferenca.py
2025-05-19 21:00:59.565 [info] Discover tests for workspace name: escoladanuvem - uri: /home/eduardo/escoladanuvem/exercicios/calcula_diferenca.py
2025-05-19 21:01:01.658 [info] Discover tests for workspace name: escoladanuvem - uri: /home/eduardo/escoladanuvem/exercicios/calcula_diferenca.py
2025-05-19 21:01:04.692 [info] Discover tests for workspace name: escoladanuvem - uri: /home/eduardo/escoladanuvem/exercicios/calcula_diferenca.py
2025-05-19 21:01:09.456 [info] Discover tests for workspace name: escoladanuvem - uri: /home/eduardo/escoladanuvem/exercicios/calcula_diferenca.py
2025-05-19 21:01:11.708 [info] Discover tests for workspace name: escoladanuvem - uri: /home/eduardo/escoladanuvem/exercicios/calcula_diferenca.py
2025-05-19 21:01:14.283 [info] Discover tests for workspace name: escoladanuvem - uri: /home/eduardo/escoladanuvem/exercicios/calcula_diferenca.py
2025-05-19 21:01:18.794 [info] Discover tests for workspace name: escoladanuvem - uri: /home/eduardo/escoladanuvem/exercicios/calcula_diferenca.py
2025-05-19 21:01:21.721 [info] Discover tests for workspace name: escoladanuvem - uri: /home/eduardo/escoladanuvem/exercicios/calcula_diferenca.py
2025-05-19 21:01:25.372 [info] Discover tests for workspace name: escoladanuvem - uri: /home/eduardo/escoladanuvem/exercicios/calcula_diferenca.py
2025-05-19 21:01:28.354 [info] Discover tests for workspace name: escoladanuvem - uri: /home/eduardo/escoladanuvem/exercicios/calcula_diferenca.py
2025-05-19 21:01:56.760 [info] Discover tests for workspace name: escoladanuvem - uri: /home/eduardo/escoladanuvem/exercicios/calcula_diferenca.py
2025-05-19 21:02:00.574 [info] Discover tests for workspace name: escoladanuvem - uri: /home/eduardo/escoladanuvem/exercicios/calcula_diferenca.py
2025-05-19 21:02:01.793 [info] Discover tests for workspace name: escoladanuvem - uri: /home/eduardo/escoladanuvem/exercicios/calcula_diferenca.py
2025-05-19 21:02:10.596 [info] Discover tests for workspace name: escoladanuvem - uri: /home/eduardo/escoladanuvem/exercicios/calcula_diferenca.py
2025-05-19 21:02:11.742 [info] Discover tests for workspace name: escoladanuvem - uri: /home/eduardo/escoladanuvem/exercicios/calcula_diferenca.py
2025-05-19 21:02:16.249 [info] Discover tests for workspace name: escoladanuvem - uri: /home/eduardo/escoladanuvem/exercicios/calcula_diferenca.py
2025-05-19 21:03:06.752 [info] Discover tests for workspace name: escoladanuvem - uri: /home/eduardo/escoladanuvem/exercicios/calcula_diferenca.py
2025-05-19 21:03:10.286 [info] Discover tests for workspace name: escoladanuvem - uri: /home/eduardo/escoladanuvem/exercicios/calcula_diferenca.py
2025-05-19 21:03:12.091 [info] Discover tests for workspace name: escoladanuvem - uri: /home/eduardo/escoladanuvem/exercicios/calcula_diferenca.py
2025-05-19 21:03:18.852 [info] Discover tests for workspace name: escoladanuvem - uri: /home/eduardo/escoladanuvem/exercicios/calcula_diferenca.py
2025-05-19 21:03:21.584 [info] Discover tests for workspace name: escoladanuvem - uri: /home/eduardo/escoladanuvem/exercicios/calcula_diferenca.py
2025-05-19 21:03:24.860 [info] Discover tests for workspace name: escoladanuvem - uri: /home/eduardo/escoladanuvem/exercicios/calcula_diferenca.py
2025-05-19 21:03:26.522 [info] Discover tests for workspace name: escoladanuvem - uri: /home/eduardo/escoladanuvem/exercicios/calcula_diferenca.py
2025-05-19 21:03:31.627 [info] Discover tests for workspace name: escoladanuvem - uri: /home/eduardo/escoladanuvem/exercicios/calcula_diferenca.py
2025-05-19 21:03:32.739 [info] Discover tests for workspace name: escoladanuvem - uri: /home/eduardo/escoladanuvem/exercicios/calcula_diferenca.py
2025-05-19 21:03:36.333 [info] Discover tests for workspace name: escoladanuvem - uri: /home/eduardo/escoladanuvem/exercicios/calcula_diferenca.py
2025-05-19 21:03:38.915 [info] Discover tests for workspace name: escoladanuvem - uri: /home/eduardo/escoladanuvem/exercicios/calcula_diferenca.py
2025-05-19 21:03:41.037 [info] Discover tests for workspace name: escoladanuvem - uri: /home/eduardo/escoladanuvem/exercicios/calcula_diferenca.py
2025-05-19 21:03:44.663 [info] Discover tests for workspace name: escoladanuvem - uri: /home/eduardo/escoladanuvem/exercicios/calcula_diferenca.py
2025-05-19 21:03:58.698 [info] Discover tests for workspace name: escoladanuvem - uri: /home/eduardo/escoladanuvem/exercicios/calcula_diferenca.py
2025-05-19 21:04:07.217 [info] Discover tests for workspace name: escoladanuvem - uri: /home/eduardo/escoladanuvem/exercicios/calcula_diferenca.py
2025-05-19 21:04:09.681 [info] Discover tests for workspace name: escoladanuvem - uri: /home/eduardo/escoladanuvem/exercicios/calcula_diferenca.py
2025-05-19 21:04:12.691 [info] Discover tests for workspace name: escoladanuvem - uri: /home/eduardo/escoladanuvem/exercicios/calcula_diferenca.py
2025-05-19 21:04:34.517 [info] Discover tests for workspace name: escoladanuvem - uri: /home/eduardo/escoladanuvem/exercicios/calcula_diferenca.py
2025-05-19 21:04:37.291 [info] Discover tests for workspace name: escoladanuvem - uri: /home/eduardo/escoladanuvem/exercicios/calcula_diferenca.py
2025-05-19 21:04:38.931 [info] Discover tests for workspace name: escoladanuvem - uri: /home/eduardo/escoladanuvem/exercicios/calcula_diferenca.py
2025-05-19 21:04:42.806 [info] Discover tests for workspace name: escoladanuvem - uri: /home/eduardo/escoladanuvem/exercicios/calcula_diferenca.py
2025-05-19 21:05:18.424 [info] Discover tests for workspace name: escoladanuvem - uri: /home/eduardo/escoladanuvem/exercicios/calcula_diferenca.py
2025-05-19 21:05:20.916 [info] Discover tests for workspace name: escoladanuvem - uri: /home/eduardo/escoladanuvem/exercicios/calcula_diferenca.py
2025-05-19 21:05:41.857 [info] Discover tests for workspace name: escoladanuvem - uri: /home/eduardo/escoladanuvem/exercicios/calcula_diferenca.py
2025-05-19 21:05:45.084 [info] Discover tests for workspace name: escoladanuvem - uri: /home/eduardo/escoladanuvem/exercicios/calcula_diferenca.py
2025-05-19 21:05:51.743 [info] Discover tests for workspace name: escoladanuvem - uri: /home/eduardo/escoladanuvem/exercicios/calcula_diferenca.py
2025-05-19 21:05:53.057 [info] Discover tests for workspace name: escoladanuvem - uri: /home/eduardo/escoladanuvem/exercicios/calcula_diferenca.py
2025-05-19 21:05:56.408 [info] Discover tests for workspace name: escoladanuvem - uri: /home/eduardo/escoladanuvem/exercicios/calcula_diferenca.py
2025-05-19 21:07:32.672 [info] Discover tests for workspace name: escoladanuvem - uri: /home/eduardo/escoladanuvem/exercicios/calcula_diferenca.py
2025-05-19 21:07:36.783 [info] Discover tests for workspace name: escoladanuvem - uri: /home/eduardo/escoladanuvem/exercicios/calcula_diferenca.py
2025-05-19 21:07:39.347 [info] Discover tests for workspace name: escoladanuvem - uri: /home/eduardo/escoladanuvem/exercicios/calcula_diferenca.py
2025-05-19 21:07:40.757 [info] Discover tests for workspace name: escoladanuvem - uri: /home/eduardo/escoladanuvem/exercicios/calcula_diferenca.py
2025-05-19 21:07:43.775 [info] Discover tests for workspace name: escoladanuvem - uri: /home/eduardo/escoladanuvem/exercicios/calcula_diferenca.py
2025-05-19 21:07:48.886 [info] Discover tests for workspace name: escoladanuvem - uri: /home/eduardo/escoladanuvem/exercicios/calcula_diferenca.py
2025-05-19 21:07:52.400 [info] Discover tests for workspace name: escoladanuvem - uri: /home/eduardo/escoladanuvem/exercicios/calcula_diferenca.py
2025-05-19 21:07:53.483 [info] Discover tests for workspace name: escoladanuvem - uri: /home/eduardo/escoladanuvem/exercicios/calcula_diferenca.py
2025-05-19 21:07:55.144 [info] Discover tests for workspace name: escoladanuvem - uri: /home/eduardo/escoladanuvem/exercicios/calcula_diferenca.py
2025-05-19 21:07:57.304 [info] Discover tests for workspace name: escoladanuvem - uri: /home/eduardo/escoladanuvem/exercicios/calcula_diferenca.py
2025-05-19 21:07:58.624 [info] Discover tests for workspace name: escoladanuvem - uri: /home/eduardo/escoladanuvem/exercicios/calcula_diferenca.py
2025-05-19 21:08:01.005 [info] Discover tests for workspace name: escoladanuvem - uri: /home/eduardo/escoladanuvem/exercicios/calcula_diferenca.py
2025-05-19 21:08:11.805 [info] Discover tests for workspace name: escoladanuvem - uri: /home/eduardo/escoladanuvem/exercicios/calcula_diferenca.py
2025-05-19 21:08:17.524 [info] Discover tests for workspace name: escoladanuvem - uri: /home/eduardo/escoladanuvem/exercicios/calcula_diferenca.py
2025-05-19 21:08:31.637 [info] Discover tests for workspace name: escoladanuvem - uri: /home/eduardo/escoladanuvem/exercicios/calcula_diferenca.py
2025-05-19 21:08:33.033 [info] Discover tests for workspace name: escoladanuvem - uri: /home/eduardo/escoladanuvem/exercicios/calcula_diferenca.py
2025-05-19 21:08:39.394 [info] Discover tests for workspace name: escoladanuvem - uri: /home/eduardo/escoladanuvem/exercicios/calcula_diferenca.py
2025-05-19 21:08:46.408 [info] Discover tests for workspace name: escoladanuvem - uri: /home/eduardo/escoladanuvem/exercicios/calcula_diferenca.py
2025-05-19 21:08:53.752 [info] Discover tests for workspace name: escoladanuvem - uri: /home/eduardo/escoladanuvem/exercicios/calcula_diferenca.py
2025-05-19 21:08:55.907 [info] Discover tests for workspace name: escoladanuvem - uri: /home/eduardo/escoladanuvem/exercicios/calcula_diferenca.py
2025-05-19 21:09:03.139 [info] Discover tests for workspace name: escoladanuvem - uri: /home/eduardo/escoladanuvem/exercicios/calcula_diferenca.py
2025-05-19 21:09:21.587 [info] Discover tests for workspace name: escoladanuvem - uri: /home/eduardo/escoladanuvem/exercicios/calcula_diferenca.py
2025-05-19 21:09:39.903 [info] Discover tests for workspace name: escoladanuvem - uri: /home/eduardo/escoladanuvem/exercicios/calcula_diferenca.py
2025-05-19 21:09:41.959 [info] Discover tests for workspace name: escoladanuvem - uri: /home/eduardo/escoladanuvem/exercicios/calcula_diferenca.py
2025-05-19 21:09:50.972 [info] Discover tests for workspace name: escoladanuvem - uri: /home/eduardo/escoladanuvem/exercicios/calcula_diferenca.py
2025-05-19 21:09:55.677 [info] Discover tests for workspace name: escoladanuvem - uri: /home/eduardo/escoladanuvem/exercicios/calcula_diferenca.py
2025-05-19 21:10:03.347 [info] Discover tests for workspace name: escoladanuvem - uri: /home/eduardo/escoladanuvem/exercicios/calcula_diferenca.py
2025-05-19 21:10:07.742 [info] Discover tests for workspace name: escoladanuvem - uri: /home/eduardo/escoladanuvem/exercicios/calcula_diferenca.py
2025-05-19 21:10:14.472 [info] Discover tests for workspace name: escoladanuvem - uri: /home/eduardo/escoladanuvem/exercicios/calcula_diferenca.py
2025-05-19 21:10:17.894 [info] Discover tests for workspace name: escoladanuvem - uri: /home/eduardo/escoladanuvem/exercicios/calcula_diferenca.py
2025-05-19 21:10:21.480 [info] Discover tests for workspace name: escoladanuvem - uri: /home/eduardo/escoladanuvem/exercicios/calcula_diferenca.py
2025-05-19 21:10:25.641 [info] Discover tests for workspace name: escoladanuvem - uri: /home/eduardo/escoladanuvem/exercicios/calcula_diferenca.py
2025-05-19 21:10:42.932 [info] Discover tests for workspace name: escoladanuvem - uri: /home/eduardo/escoladanuvem/exercicios/calcula_diferenca.py
2025-05-19 21:10:56.647 [info] Discover tests for workspace name: escoladanuvem - uri: /home/eduardo/escoladanuvem/exercicios/calcula_diferenca.py
2025-05-19 21:10:58.645 [info] Discover tests for workspace name: escoladanuvem - uri: /home/eduardo/escoladanuvem/exercicios/calcula_diferenca.py
2025-05-19 21:11:00.851 [info] Discover tests for workspace name: escoladanuvem - uri: /home/eduardo/escoladanuvem/exercicios/calcula_diferenca.py
2025-05-19 21:11:06.458 [info] Discover tests for workspace name: escoladanuvem - uri: /home/eduardo/escoladanuvem/exercicios/calcula_diferenca.py
2025-05-19 21:11:10.700 [info] Discover tests for workspace name: escoladanuvem - uri: /home/eduardo/escoladanuvem/exercicios/calcula_diferenca.py
2025-05-19 21:11:13.063 [info] Discover tests for workspace name: escoladanuvem - uri: /home/eduardo/escoladanuvem/exercicios/calcula_diferenca.py
2025-05-19 21:11:14.409 [info] Discover tests for workspace name: escoladanuvem - uri: /home/eduardo/escoladanuvem/exercicios/calcula_diferenca.py
2025-05-19 21:11:17.627 [info] Discover tests for workspace name: escoladanuvem - uri: /home/eduardo/escoladanuvem/exercicios/calcula_diferenca.py
2025-05-19 21:11:21.617 [info] Discover tests for workspace name: escoladanuvem - uri: /home/eduardo/escoladanuvem/exercicios/calcula_diferenca.py
2025-05-19 21:11:28.460 [info] Discover tests for workspace name: escoladanuvem - uri: /home/eduardo/escoladanuvem/exercicios/calcula_diferenca.py
2025-05-19 21:12:19.786 [info] Discover tests for workspace name: escoladanuvem - uri: /home/eduardo/escoladanuvem/exercicios/calcula_diferenca.py
2025-05-19 21:12:22.683 [info] Discover tests for workspace name: escoladanuvem - uri: /home/eduardo/escoladanuvem/exercicios/calcula_diferenca.py
2025-05-19 21:12:55.690 [info] Discover tests for workspace name: escoladanuvem - uri: /home/eduardo/escoladanuvem/exercicios/calcula_diferenca.py
2025-05-19 21:14:37.945 [info] Discover tests for workspace name: escoladanuvem - uri: /home/eduardo/escoladanuvem/exercicios/calcula_diferenca.py
2025-05-19 21:19:18.049 [info] Discover tests for workspace name: escoladanuvem - uri: /home/eduardo/escoladanuvem/exemplos/exemplo.py
2025-05-19 21:19:24.139 [info] Discover tests for workspace name: escoladanuvem - uri: /home/eduardo/escoladanuvem/exemplos/exemplo.py
2025-05-19 21:19:26.264 [info] Discover tests for workspace name: escoladanuvem - uri: /home/eduardo/escoladanuvem/exemplos/exemplo.py
2025-05-19 21:19:29.780 [info] Discover tests for workspace name: escoladanuvem - uri: /home/eduardo/escoladanuvem/exemplos/exemplo.py
2025-05-19 21:19:34.272 [info] Discover tests for workspace name: escoladanuvem - uri: /home/eduardo/escoladanuvem/exemplos/exemplo.py
2025-05-19 21:19:36.321 [info] Discover tests for workspace name: escoladanuvem - uri: /home/eduardo/escoladanuvem/exemplos/exemplo.py
2025-05-19 21:19:37.676 [info] Discover tests for workspace name: escoladanuvem - uri: /home/eduardo/escoladanuvem/exemplos/exemplo.py
2025-05-19 21:19:41.240 [info] Discover tests for workspace name: escoladanuvem - uri: /home/eduardo/escoladanuvem/exemplos/exemplo.py
2025-05-19 21:20:10.480 [info] Discover tests for workspace name: escoladanuvem - uri: /home/eduardo/escoladanuvem/exemplos/exemplo.py
2025-05-19 21:20:14.187 [info] Discover tests for workspace name: escoladanuvem - uri: /home/eduardo/escoladanuvem/exemplos/exemplo.py
2025-05-19 21:20:16.893 [info] Discover tests for workspace name: escoladanuvem - uri: /home/eduardo/escoladanuvem/exemplos/exemplo.py
2025-05-19 21:20:19.226 [info] Discover tests for workspace name: escoladanuvem - uri: /home/eduardo/escoladanuvem/exemplos/exemplo.py
2025-05-19 21:20:21.181 [info] Discover tests for workspace name: escoladanuvem - uri: /home/eduardo/escoladanuvem/exemplos/exemplo.py
2025-05-19 21:20:22.840 [info] Discover tests for workspace name: escoladanuvem - uri: /home/eduardo/escoladanuvem/exemplos/exemplo.py
2025-05-19 21:20:25.155 [info] Discover tests for workspace name: escoladanuvem - uri: /home/eduardo/escoladanuvem/exemplos/exemplo.py
2025-05-19 21:20:34.011 [info] Discover tests for workspace name: escoladanuvem - uri: /home/eduardo/escoladanuvem/exemplos/exemplo.py
2025-05-19 21:20:36.877 [info] Discover tests for workspace name: escoladanuvem - uri: /home/eduardo/escoladanuvem/exemplos/exemplo.py
2025-05-19 21:20:39.893 [info] Discover tests for workspace name: escoladanuvem - uri: /home/eduardo/escoladanuvem/exemplos/exemplo.py
2025-05-19 21:20:42.105 [info] Discover tests for workspace name: escoladanuvem - uri: /home/eduardo/escoladanuvem/exemplos/exemplo.py
2025-05-19 21:20:43.874 [info] Discover tests for workspace name: escoladanuvem - uri: /home/eduardo/escoladanuvem/exemplos/exemplo.py
2025-05-19 21:20:46.976 [info] Discover tests for workspace name: escoladanuvem - uri: /home/eduardo/escoladanuvem/exemplos/exemplo.py
2025-05-19 21:20:56.437 [info] Discover tests for workspace name: escoladanuvem - uri: /home/eduardo/escoladanuvem/exemplos/exemplo.py
2025-05-19 21:21:00.826 [info] Discover tests for workspace name: escoladanuvem - uri: /home/eduardo/escoladanuvem/exemplos/exemplo.py
2025-05-19 21:21:02.947 [info] Discover tests for workspace name: escoladanuvem - uri: /home/eduardo/escoladanuvem/exemplos/exemplo.py
2025-05-19 21:21:05.761 [info] Discover tests for workspace name: escoladanuvem - uri: /home/eduardo/escoladanuvem/exemplos/exemplo.py
2025-05-19 21:21:10.682 [info] Discover tests for workspace name: escoladanuvem - uri: /home/eduardo/escoladanuvem/exemplos/exemplo.py
2025-05-19 21:21:13.500 [info] Discover tests for workspace name: escoladanuvem - uri: /home/eduardo/escoladanuvem/exemplos/exemplo.py
2025-05-19 21:21:18.764 [info] Discover tests for workspace name: escoladanuvem - uri: /home/eduardo/escoladanuvem/exemplos/exemplo.py
2025-05-19 21:21:20.087 [info] Discover tests for workspace name: escoladanuvem - uri: /home/eduardo/escoladanuvem/exemplos/exemplo.py
2025-05-19 21:21:25.577 [info] Discover tests for workspace name: escoladanuvem - uri: /home/eduardo/escoladanuvem/exemplos/exemplo.py
2025-05-19 21:21:29.041 [info] Discover tests for workspace name: escoladanuvem - uri: /home/eduardo/escoladanuvem/exemplos/exemplo.py
2025-05-19 21:21:30.608 [info] Discover tests for workspace name: escoladanuvem - uri: /home/eduardo/escoladanuvem/exemplos/exemplo.py
2025-05-19 21:21:34.348 [info] Discover tests for workspace name: escoladanuvem - uri: /home/eduardo/escoladanuvem/exemplos/exemplo.py
2025-05-19 21:22:30.134 [info] Discover tests for workspace name: escoladanuvem - uri: /home/eduardo/escoladanuvem/exemplos/exemplo.py
2025-05-19 21:22:42.561 [info] Discover tests for workspace name: escoladanuvem - uri: /home/eduardo/escoladanuvem/exemplos/exemplo.py
2025-05-19 21:22:43.870 [info] Discover tests for workspace name: escoladanuvem - uri: /home/eduardo/escoladanuvem/exemplos/exemplo.py
2025-05-19 21:22:46.979 [info] Discover tests for workspace name: escoladanuvem - uri: /home/eduardo/escoladanuvem/exemplos/exemplo.py
2025-05-19 21:22:50.066 [info] Discover tests for workspace name: escoladanuvem - uri: /home/eduardo/escoladanuvem/exemplos/exemplo.py
2025-05-19 21:22:54.089 [info] Discover tests for workspace name: escoladanuvem - uri: /home/eduardo/escoladanuvem/exemplos/exemplo.py
2025-05-19 21:22:55.867 [info] Discover tests for workspace name: escoladanuvem - uri: /home/eduardo/escoladanuvem/exemplos/exemplo.py
2025-05-19 21:22:59.255 [info] Discover tests for workspace name: escoladanuvem - uri: /home/eduardo/escoladanuvem/exemplos/exemplo.py
2025-05-19 21:23:03.854 [info] Discover tests for workspace name: escoladanuvem - uri: /home/eduardo/escoladanuvem/exemplos/exemplo.py
2025-05-19 21:23:05.228 [info] Discover tests for workspace name: escoladanuvem - uri: /home/eduardo/escoladanuvem/exemplos/exemplo.py
2025-05-19 21:23:12.490 [info] Discover tests for workspace name: escoladanuvem - uri: /home/eduardo/escoladanuvem/exemplos/exemplo.py
2025-05-19 21:23:15.033 [info] Discover tests for workspace name: escoladanuvem - uri: /home/eduardo/escoladanuvem/exemplos/exemplo.py
2025-05-19 21:23:18.153 [info] Discover tests for workspace name: escoladanuvem - uri: /home/eduardo/escoladanuvem/exemplos/exemplo.py
2025-05-19 21:23:19.645 [info] Discover tests for workspace name: escoladanuvem - uri: /home/eduardo/escoladanuvem/exemplos/exemplo.py
2025-05-19 21:23:21.090 [info] Discover tests for workspace name: escoladanuvem - uri: /home/eduardo/escoladanuvem/exemplos/exemplo.py
2025-05-19 21:23:29.366 [info] Discover tests for workspace name: escoladanuvem - uri: /home/eduardo/escoladanuvem/exemplos/exemplo.py
2025-05-19 21:23:33.035 [info] Discover tests for workspace name: escoladanuvem - uri: /home/eduardo/escoladanuvem/exemplos/exemplo.py
2025-05-19 21:23:37.488 [info] Discover tests for workspace name: escoladanuvem - uri: /home/eduardo/escoladanuvem/exemplos/exemplo.py
2025-05-19 21:23:46.103 [info] Discover tests for workspace name: escoladanuvem - uri: /home/eduardo/escoladanuvem/exemplos/exemplo.py
2025-05-19 21:23:48.440 [info] Discover tests for workspace name: escoladanuvem - uri: /home/eduardo/escoladanuvem/exemplos/exemplo.py
2025-05-19 21:23:56.940 [info] Discover tests for workspace name: escoladanuvem - uri: /home/eduardo/escoladanuvem/exemplos/exemplo.py
2025-05-19 21:25:32.084 [info] Discover tests for workspace name: escoladanuvem - uri: /home/eduardo/escoladanuvem/exemplos/exemplo.py
2025-05-19 21:25:35.496 [info] Discover tests for workspace name: escoladanuvem - uri: /home/eduardo/escoladanuvem/exemplos/exemplo.py
2025-05-19 21:25:38.026 [info] Discover tests for workspace name: escoladanuvem - uri: /home/eduardo/escoladanuvem/exemplos/exemplo.py
2025-05-19 21:25:42.986 [info] Discover tests for workspace name: escoladanuvem - uri: /home/eduardo/escoladanuvem/exemplos/exemplo.py
2025-05-19 21:25:46.134 [info] Discover tests for workspace name: escoladanuvem - uri: /home/eduardo/escoladanuvem/exemplos/exemplo.py
2025-05-19 21:25:49.103 [info] Discover tests for workspace name: escoladanuvem - uri: /home/eduardo/escoladanuvem/exemplos/exemplo.py
2025-05-19 21:25:50.622 [info] Discover tests for workspace name: escoladanuvem - uri: /home/eduardo/escoladanuvem/exemplos/exemplo.py
2025-05-19 21:25:52.668 [info] Discover tests for workspace name: escoladanuvem - uri: /home/eduardo/escoladanuvem/exemplos/exemplo.py
2025-05-19 21:25:53.862 [info] Discover tests for workspace name: escoladanuvem - uri: /home/eduardo/escoladanuvem/exemplos/exemplo.py
2025-05-19 21:25:58.881 [info] Discover tests for workspace name: escoladanuvem - uri: /home/eduardo/escoladanuvem/exemplos/exemplo.py
2025-05-19 21:26:01.406 [info] Discover tests for workspace name: escoladanuvem - uri: /home/eduardo/escoladanuvem/exemplos/exemplo.py
2025-05-19 21:26:06.891 [info] Discover tests for workspace name: escoladanuvem - uri: /home/eduardo/escoladanuvem/exemplos/exemplo.py
2025-05-19 21:26:15.732 [info] Discover tests for workspace name: escoladanuvem - uri: /home/eduardo/escoladanuvem/exemplos/exemplo.py
2025-05-19 21:26:18.286 [info] Discover tests for workspace name: escoladanuvem - uri: /home/eduardo/escoladanuvem/exemplos/exemplo.py
2025-05-19 21:26:19.596 [info] Discover tests for workspace name: escoladanuvem - uri: /home/eduardo/escoladanuvem/exemplos/exemplo.py
2025-05-19 21:26:21.253 [info] Discover tests for workspace name: escoladanuvem - uri: /home/eduardo/escoladanuvem/exemplos/exemplo.py
2025-05-19 21:26:24.144 [info] Discover tests for workspace name: escoladanuvem - uri: /home/eduardo/escoladanuvem/exemplos/exemplo.py
2025-05-19 21:26:37.554 [info] Discover tests for workspace name: escoladanuvem - uri: /home/eduardo/escoladanuvem/exemplos/exemplo.py
2025-05-19 21:26:41.222 [info] Discover tests for workspace name: escoladanuvem - uri: /home/eduardo/escoladanuvem/exemplos/exemplo.py
2025-05-19 21:26:43.991 [info] Discover tests for workspace name: escoladanuvem - uri: /home/eduardo/escoladanuvem/exemplos/exemplo.py
2025-05-19 21:26:51.262 [info] Discover tests for workspace name: escoladanuvem - uri: /home/eduardo/escoladanuvem/exemplos/exemplo.py
2025-05-19 21:26:53.745 [info] Discover tests for workspace name: escoladanuvem - uri: /home/eduardo/escoladanuvem/exemplos/exemplo.py
2025-05-19 21:26:58.152 [info] Discover tests for workspace name: escoladanuvem - uri: /home/eduardo/escoladanuvem/exemplos/exemplo.py
2025-05-19 21:27:02.604 [info] Discover tests for workspace name: escoladanuvem - uri: /home/eduardo/escoladanuvem/exemplos/exemplo.py
2025-05-19 21:27:06.041 [info] Discover tests for workspace name: escoladanuvem - uri: /home/eduardo/escoladanuvem/exemplos/exemplo.py
2025-05-19 21:27:07.066 [info] Discover tests for workspace name: escoladanuvem - uri: /home/eduardo/escoladanuvem/exemplos/exemplo.py
2025-05-19 21:27:10.056 [info] Discover tests for workspace name: escoladanuvem - uri: /home/eduardo/escoladanuvem/exemplos/exemplo.py
2025-05-19 21:33:45.843 [info] Discover tests for workspace name: escoladanuvem - uri: /home/eduardo/escoladanuvem/exemplo.py
2025-05-19 21:33:49.992 [info] Discover tests for workspace name: escoladanuvem - uri: /home/eduardo/escoladanuvem/exemplo.py
2025-05-19 21:33:51.285 [info] Discover tests for workspace name: escoladanuvem - uri: /home/eduardo/escoladanuvem/exemplo.py
2025-05-19 21:33:52.367 [info] Discover tests for workspace name: escoladanuvem - uri: /home/eduardo/escoladanuvem/exemplo.py
2025-05-19 21:33:57.160 [info] Discover tests for workspace name: escoladanuvem - uri: /home/eduardo/escoladanuvem/exemplo.py
2025-05-19 21:33:59.599 [info] Discover tests for workspace name: escoladanuvem - uri: /home/eduardo/escoladanuvem/exemplo.py
2025-05-19 21:34:02.208 [info] Discover tests for workspace name: escoladanuvem - uri: /home/eduardo/escoladanuvem/exemplo.py
2025-05-19 21:34:05.140 [info] Discover tests for workspace name: escoladanuvem - uri: /home/eduardo/escoladanuvem/exemplo.py
2025-05-19 21:34:09.077 [info] Discover tests for workspace name: escoladanuvem - uri: /home/eduardo/escoladanuvem/exemplo.py
2025-05-19 21:34:16.625 [info] Discover tests for workspace name: escoladanuvem - uri: /home/eduardo/escoladanuvem/exemplo.py
2025-05-19 21:34:18.326 [info] Discover tests for workspace name: escoladanuvem - uri: /home/eduardo/escoladanuvem/exemplo.py
2025-05-19 21:34:24.821 [info] Discover tests for workspace name: escoladanuvem - uri: /home/eduardo/escoladanuvem/exemplo.py
2025-05-19 21:34:27.162 [info] Discover tests for workspace name: escoladanuvem - uri: /home/eduardo/escoladanuvem/exemplo.py
2025-05-19 21:34:29.537 [info] Discover tests for workspace name: escoladanuvem - uri: /home/eduardo/escoladanuvem/exemplo.py
2025-05-19 21:34:31.457 [info] Discover tests for workspace name: escoladanuvem - uri: /home/eduardo/escoladanuvem/exemplo.py
2025-05-19 21:34:33.552 [info] Discover tests for workspace name: escoladanuvem - uri: /home/eduardo/escoladanuvem/exemplo.py
2025-05-19 21:34:39.890 [info] Discover tests for workspace name: escoladanuvem - uri: /home/eduardo/escoladanuvem/exemplo.py
